Archive member included to satisfy reference by file (symbol)

C:/MaximSDK/Libraries/PeriphDrivers/bin/MAX78000/softfp/libPeriphDriver_softfp.a(mxc_delay.o)
                              C:/AI_Model/finger_11classRV5.2/build/main.o (MXC_Delay)
C:/MaximSDK/Libraries/PeriphDrivers/bin/MAX78000/softfp/libPeriphDriver_softfp.a(nvic_table.o)
                              C:/AI_Model/finger_11classRV5.2/build/cnn.o (MXC_NVIC_SetVector)
C:/MaximSDK/Libraries/PeriphDrivers/bin/MAX78000/softfp/libPeriphDriver_softfp.a(pins_ai85.o)
                              C:/AI_Model/finger_11classRV5.2/build/camera.o (gpio_cfg_pcif_xclk)
C:/MaximSDK/Libraries/PeriphDrivers/bin/MAX78000/softfp/libPeriphDriver_softfp.a(sys_ai85.o)
                              C:/AI_Model/finger_11classRV5.2/build/cnn.o (MXC_SYS_ClockDisable)
C:/MaximSDK/Libraries/PeriphDrivers/bin/MAX78000/softfp/libPeriphDriver_softfp.a(cameraif_ai85.o)
                              C:/AI_Model/finger_11classRV5.2/build/camera.o (MXC_PCIF_Init)
C:/MaximSDK/Libraries/PeriphDrivers/bin/MAX78000/softfp/libPeriphDriver_softfp.a(cameraif_reva.o)
                              C:/MaximSDK/Libraries/PeriphDrivers/bin/MAX78000/softfp/libPeriphDriver_softfp.a(cameraif_ai85.o) (MXC_PCIF_RevA_SetDatawidth)
C:/MaximSDK/Libraries/PeriphDrivers/bin/MAX78000/softfp/libPeriphDriver_softfp.a(dma_me17.o)
                              C:/AI_Model/finger_11classRV5.2/build/main.o (MXC_DMA_Init)
C:/MaximSDK/Libraries/PeriphDrivers/bin/MAX78000/softfp/libPeriphDriver_softfp.a(dma_reva.o)
                              C:/MaximSDK/Libraries/PeriphDrivers/bin/MAX78000/softfp/libPeriphDriver_softfp.a(dma_me17.o) (MXC_DMA_RevA_Init)
C:/MaximSDK/Libraries/PeriphDrivers/bin/MAX78000/softfp/libPeriphDriver_softfp.a(flc_me17.o)
                              C:/MaximSDK/Libraries/PeriphDrivers/bin/MAX78000/softfp/libPeriphDriver_softfp.a(sys_ai85.o) (MXC_FLC_UnlockInfoBlock)
C:/MaximSDK/Libraries/PeriphDrivers/bin/MAX78000/softfp/libPeriphDriver_softfp.a(flc_reva.o)
                              C:/MaximSDK/Libraries/PeriphDrivers/bin/MAX78000/softfp/libPeriphDriver_softfp.a(flc_me17.o) (MXC_FLC_RevA_Busy)
C:/MaximSDK/Libraries/PeriphDrivers/bin/MAX78000/softfp/libPeriphDriver_softfp.a(gpio_ai85.o)
                              C:/AI_Model/finger_11classRV5.2/build/cnn.o (MXC_GPIO_Config)
C:/MaximSDK/Libraries/PeriphDrivers/bin/MAX78000/softfp/libPeriphDriver_softfp.a(gpio_reva.o)
                              C:/MaximSDK/Libraries/PeriphDrivers/bin/MAX78000/softfp/libPeriphDriver_softfp.a(gpio_ai85.o) (MXC_GPIO_RevA_InGet)
C:/MaximSDK/Libraries/PeriphDrivers/bin/MAX78000/softfp/libPeriphDriver_softfp.a(icc_me17.o)
                              C:/AI_Model/finger_11classRV5.2/build/main.o (MXC_ICC_Enable)
C:/MaximSDK/Libraries/PeriphDrivers/bin/MAX78000/softfp/libPeriphDriver_softfp.a(icc_reva.o)
                              C:/MaximSDK/Libraries/PeriphDrivers/bin/MAX78000/softfp/libPeriphDriver_softfp.a(icc_me17.o) (MXC_ICC_RevA_ID)
C:/MaximSDK/Libraries/PeriphDrivers/bin/MAX78000/softfp/libPeriphDriver_softfp.a(pt_me17.o)
                              C:/AI_Model/finger_11classRV5.2/build/camera.o (MXC_PT_Init)
C:/MaximSDK/Libraries/PeriphDrivers/bin/MAX78000/softfp/libPeriphDriver_softfp.a(pt_reva.o)
                              C:/MaximSDK/Libraries/PeriphDrivers/bin/MAX78000/softfp/libPeriphDriver_softfp.a(pt_me17.o) (MXC_PT_RevA_Init)
C:/MaximSDK/Libraries/PeriphDrivers/bin/MAX78000/softfp/libPeriphDriver_softfp.a(spi_me17.o)
                              C:/AI_Model/finger_11classRV5.2/build/board.o (MXC_SPI_Init)
C:/MaximSDK/Libraries/PeriphDrivers/bin/MAX78000/softfp/libPeriphDriver_softfp.a(spi_reva.o)
                              C:/MaximSDK/Libraries/PeriphDrivers/bin/MAX78000/softfp/libPeriphDriver_softfp.a(spi_me17.o) (MXC_SPI_RevA_Init)
C:/MaximSDK/Libraries/PeriphDrivers/bin/MAX78000/softfp/libPeriphDriver_softfp.a(tmr_ai85.o)
                              C:/AI_Model/finger_11classRV5.2/build/cnn.o (MXC_TMR_SW_Start)
C:/MaximSDK/Libraries/PeriphDrivers/bin/MAX78000/softfp/libPeriphDriver_softfp.a(tmr_revb.o)
                              C:/MaximSDK/Libraries/PeriphDrivers/bin/MAX78000/softfp/libPeriphDriver_softfp.a(tmr_ai85.o) (MXC_TMR_RevB_SetClockSourceFreq)
C:/MaximSDK/Libraries/PeriphDrivers/bin/MAX78000/softfp/libPeriphDriver_softfp.a(uart_ai85.o)
                              C:/AI_Model/finger_11classRV5.2/build/board.o (MXC_UART_Shutdown)
C:/MaximSDK/Libraries/PeriphDrivers/bin/MAX78000/softfp/libPeriphDriver_softfp.a(uart_common.o)
                              C:/MaximSDK/Libraries/PeriphDrivers/bin/MAX78000/softfp/libPeriphDriver_softfp.a(uart_ai85.o) (MXC_UART_Common_ReadCharacter)
C:/MaximSDK/Libraries/PeriphDrivers/bin/MAX78000/softfp/libPeriphDriver_softfp.a(uart_revb.o)
[...]
Memory Configuration

Name             Origin             Length             Attributes
ROM              0x00000000         0x00010000         xr
FLASH            0x10000000         0x00080000         xr
SRAM             0x20000000         0x00020000         xrw
*default*        0x00000000         0xffffffff

Linker script and memory map

LOAD c:/maximsdk/tools/gnutools/10.3/bin/../lib/gcc/arm-none-eabi/10.3.1/thumb/v7e-m+fp/softfp/crti.o
LOAD c:/maximsdk/tools/gnutools/10.3/bin/../lib/gcc/arm-none-eabi/10.3.1/thumb/v7e-m+fp/softfp/crtbegin.o
LOAD c:/maximsdk/tools/gnutools/10.3/bin/../lib/gcc/arm-none-eabi/10.3.1/../../../../arm-none-eabi/lib/thumb/v7e-m+fp/softfp/crt0.o
LOAD C:/AI_Model/finger_11classRV5.2/build/all_imgs.o
LOAD C:/AI_Model/finger_11classRV5.2/build/cnn.o
LOAD C:/AI_Model/finger_11classRV5.2/build/main.o
LOAD C:/AI_Model/finger_11classRV5.2/build/post_process.o
LOAD C:/AI_Model/finger_11classRV5.2/build/softmax.o
LOAD C:/AI_Model/finger_11classRV5.2/build/tft_utils.o
LOAD C:/AI_Model/finger_11classRV5.2/build/uart_IR.o
LOAD C:/AI_Model/finger_11classRV5.2/build/board.o
LOAD C:/AI_Model/finger_11classRV5.2/build/stdio.o
LOAD C:/AI_Model/finger_11classRV5.2/build/led.o
LOAD C:/AI_Model/finger_11classRV5.2/build/pb.o
LOAD C:/AI_Model/finger_11classRV5.2/build/tft_ssd2119.o
LOAD C:/AI_Model/finger_11classRV5.2/build/tsc2046.o
LOAD C:/AI_Model/finger_11classRV5.2/build/camera.o
LOAD C:/AI_Model/finger_11classRV5.2/build/ov7692.o
LOAD C:/AI_Model/finger_11classRV5.2/build/sccb.o
LOAD C:/AI_Model/finger_11classRV5.2/build/startup_max78000.o
LOAD C:/AI_Model/finger_11classRV5.2/build/heap.o
LOAD C:/AI_Model/finger_11classRV5.2/build/system_max78000.o
START GROUP
LOAD C:/MaximSDK/Libraries/PeriphDrivers/bin/MAX78000/softfp/libPeriphDriver_softfp.a
LOAD c:/maximsdk/tools/gnutools/10.3/bin/../lib/gcc/arm-none-eabi/10.3.1/../../../../arm-none-eabi/lib/thumb/v7e-m+fp/softfp\libc.a
LOAD c:/maximsdk/tools/gnutools/10.3/bin/../lib/gcc/arm-none-eabi/10.3.1/../../../../arm-none-eabi/lib/thumb/v7e-m+fp/softfp\libm.a
LOAD c:/maximsdk/tools/gnutools/10.3/bin/../lib/gcc/arm-none-eabi/10.3.1/../../../../arm-none-eabi/lib/thumb/v7e-m+fp/softfp\libnosys.a
END GROUP
START GROUP
LOAD c:/maximsdk/tools/gnutools/10.3/bin/../lib/gcc/arm-none-eabi/10.3.1/thumb/v7e-m+fp/softfp\libgcc.a
LOAD c:/maximsdk/tools/gnutools/10.3/bin/../lib/gcc/arm-none-eabi/10.3.1/../../../../arm-none-eabi/lib/thumb/v7e-m+fp/softfp\libc.a
END GROUP
LOAD c:/maximsdk/tools/gnutools/10.3/bin/../lib/gcc/arm-none-eabi/10.3.1/thumb/v7e-m+fp/softfp/crtend.o
LOAD c:/maximsdk/tools/gnutools/10.3/bin/../lib/gcc/arm-none-eabi/10.3.1/thumb/v7e-m+fp/softfp/crtn.o

.rom
 *(.rom_vector)
 *(.rom_handlers*)

.text           0x10000000    0x656c4
                0x10000000                _text = .
 *(.isr_vector)
 .isr_vector    0x10000000      0x1e0 C:/AI_Model/finger_11classRV5.2/build/startup_max78000.o
                0x10000000                __isr_vector
 *(.text*)
 .text          0x100001e0       0x40 c:/maximsdk/tools/gnutools/10.3/bin/../lib/gcc/arm-none-eabi/10.3.1/thumb/v7e-m+fp/softfp/crtbegin.o
 .text.CNN_ISR  0x10000220       0x50 C:/AI_Model/finger_11classRV5.2/build/cnn.o
                0x10000220                CNN_ISR
 .text.cnn_load_weights
                0x10000270       0x4c C:/AI_Model/finger_11classRV5.2/build/cnn.o
                0x10000270                cnn_load_weights
 .text.cnn_load_bias
                0x100002bc       0x8c C:/AI_Model/finger_11classRV5.2/build/cnn.o
                0x100002bc                cnn_load_bias
 .text.cnn_init
                0x10000348       0x54 C:/AI_Model/finger_11classRV5.2/build/cnn.o
                0x10000348                cnn_init
 .text.cnn_configure
                0x1000039c     0x1440 C:/AI_Model/finger_11classRV5.2/build/cnn.o
                0x1000039c                cnn_configure
 .text.cnn_start
                0x100017dc       0x54 C:/AI_Model/finger_11classRV5.2/build/cnn.o
                0x100017dc                cnn_start
 .text.cnn_enable
                0x10001830       0x3c C:/AI_Model/finger_11classRV5.2/build/cnn.o
                0x10001830                cnn_enable
 .text.load_input
                0x1000186c       0xb0 C:/AI_Model/finger_11classRV5.2/build/main.o
                0x1000186c                load_input
 .text.startup.main
                0x1000191c      0x108 C:/AI_Model/finger_11classRV5.2/build/main.o
                0x1000191c                main
 .text.get_indices
                0x10001a24       0x88 C:/AI_Model/finger_11classRV5.2/build/post_process.o
                0x10001a24                get_indices
 .text.softmax  0x10001aac       0xe8 C:/AI_Model/finger_11classRV5.2/build/post_process.o
                0x10001aac                softmax
 .text.get_prior_locs
                0x10001b94       0x88 C:/AI_Model/finger_11classRV5.2/build/post_process.o
                0x10001b94                get_prior_locs
 .text.get_prior_cls
                0x10001c1c       0xb4 C:/AI_Model/finger_11classRV5.2/build/post_process.o
                0x10001c1c                get_prior_cls
 .text.get_priors
                0x10001cd0       0x10 C:/AI_Model/finger_11classRV5.2/build/post_process.o
                0x10001cd0                get_priors
 .text.calculate_IOU
                0x10001ce0       0xb4 C:/AI_Model/finger_11classRV5.2/build/post_process.o
                0x10001ce0                calculate_IOU
 .text.get_cxcy
                0x10001d94      0x124 C:/AI_Model/finger_11classRV5.2/build/post_process.o
                0x10001d94                get_cxcy
 .text.gcxgcy_to_cxcy
                0x10001eb8       0xe4 C:/AI_Model/finger_11classRV5.2/build/post_process.o
                0x10001eb8                gcxgcy_to_cxcy
 .text.cxcy_to_xy
                0x10001f9c      0x124 C:/AI_Model/finger_11classRV5.2/build/post_process.o
                0x10001f9c                cxcy_to_xy
 .text.insert_val
                0x100020c0       0x44 C:/AI_Model/finger_11classRV5.2/build/post_process.o
                0x100020c0                insert_val
 .text.insert_nms_prior
                0x10002104       0x68 C:/AI_Model/finger_11classRV5.2/build/post_process.o
                0x10002104                insert_nms_prior
 .text.reset_nms
                0x1000216c       0x44 C:/AI_Model/finger_11classRV5.2/build/post_process.o
                0x1000216c                reset_nms
 .text.nms      0x100021b0      0x178 C:/AI_Model/finger_11classRV5.2/build/post_process.o
                0x100021b0                nms
 .text.localize_objects
                0x10002328      0xaf0 C:/AI_Model/finger_11classRV5.2/build/post_process.o
                0x10002328                localize_objects
 .text.TFT_Print
                0x10002e18       0x20 C:/AI_Model/finger_11classRV5.2/build/tft_utils.o
                0x10002e18                TFT_Print
 .text.draw_obj_rect
                0x10002e38      0x1f0 C:/AI_Model/finger_11classRV5.2/build/tft_utils.o
                0x10002e38                draw_obj_rect
 .text.uart_send_msg
                0x10003028       0x68 C:/AI_Model/finger_11classRV5.2/build/uart_IR.o
                0x10003028                uart_send_msg
 .text.mxc_assert
                0x10003090       0x10 C:/AI_Model/finger_11classRV5.2/build/board.o
                0x10003090                mxc_assert
 .text.Board_Init
                0x100030a0       0xec C:/AI_Model/finger_11classRV5.2/build/board.o
                0x100030a0                Board_Init
 .text.NMI_Handler
                0x1000318c        0x4 C:/AI_Model/finger_11classRV5.2/build/board.o
                0x1000318c                NMI_Handler
 .text.Camera_Power
                0x10003190        0x8 C:/AI_Model/finger_11classRV5.2/build/board.o
                0x10003190                Camera_Power
 .text._close   0x10003198        0x8 C:/AI_Model/finger_11classRV5.2/build/stdio.o
                0x10003198                _close
 .text._isatty  0x100031a0        0x8 C:/AI_Model/finger_11classRV5.2/build/stdio.o
                0x100031a0                _isatty
 .text._lseek   0x100031a8        0x8 C:/AI_Model/finger_11classRV5.2/build/stdio.o
                0x100031a8                _lseek
 .text._fstat   0x100031b0        0x8 C:/AI_Model/finger_11classRV5.2/build/stdio.o
                0x100031b0                _fstat
 .text._read    0x100031b8       0x50 C:/AI_Model/finger_11classRV5.2/build/stdio.o
                0x100031b8                _read
 .text._write   0x10003208       0x54 C:/AI_Model/finger_11classRV5.2/build/stdio.o
                0x10003208                _write
 .text.LED_Init
                0x1000325c       0x40 C:/AI_Model/finger_11classRV5.2/build/led.o
                0x1000325c                LED_Init
 .text.LED_On   0x1000329c       0x40 C:/AI_Model/finger_11classRV5.2/build/led.o
                0x1000329c                LED_On
 .text.LED_Off  0x100032dc       0x40 C:/AI_Model/finger_11classRV5.2/build/led.o
                0x100032dc                LED_Off
 .text.PB_Init  0x1000331c       0x38 C:/AI_Model/finger_11classRV5.2/build/pb.o
                0x1000331c                PB_Init
 .text.GPIO0_IRQHandler
                0x10003354        0x8 C:/AI_Model/finger_11classRV5.2/build/pb.o
                0x10003354                GPIO0_IRQHandler
 .text.GPIO1_IRQHandler
                0x1000335c        0x8 C:/AI_Model/finger_11classRV5.2/build/pb.o
                0x1000335c                GPIO1_IRQHandler
 .text.GPIO2_IRQHandler
                0x10003364        0x8 C:/AI_Model/finger_11classRV5.2/build/pb.o
                0x10003364                GPIO2_IRQHandler
 .text.get_font_info
                0x1000336c       0x44 C:/AI_Model/finger_11classRV5.2/build/tft_ssd2119.o
 .text.setPalette
                0x100033b0       0xd8 C:/AI_Model/finger_11classRV5.2/build/tft_ssd2119.o
 .text.spi_transmit
                0x10003488       0xc8 C:/AI_Model/finger_11classRV5.2/build/tft_ssd2119.o
 .text.get_bitmap_info
                0x10003550       0x5c C:/AI_Model/finger_11classRV5.2/build/tft_ssd2119.o
 .text.displaySub
                0x100035ac      0x150 C:/AI_Model/finger_11classRV5.2/build/tft_ssd2119.o
 .text.writeSubBitmap
                0x100036fc      0x11c C:/AI_Model/finger_11classRV5.2/build/tft_ssd2119.o
 .text.displaySub_Rotated
                0x10003818      0x160 C:/AI_Model/finger_11classRV5.2/build/tft_ssd2119.o
 .text.MXC_TFT_PrintFont.part.0
                0x10003978      0x218 C:/AI_Model/finger_11classRV5.2/build/tft_ssd2119.o
 .text.MXC_TFT_PreInit
                0x10003b90       0x78 C:/AI_Model/finger_11classRV5.2/build/tft_ssd2119.o
                0x10003b90                MXC_TFT_PreInit
 .text.MXC_TFT_SetRotation
                0x10003c08       0x4c C:/AI_Model/finger_11classRV5.2/build/tft_ssd2119.o
                0x10003c08                MXC_TFT_SetRotation
 .text.MXC_TFT_SetBackGroundColor
                0x10003c54      0x148 C:/AI_Model/finger_11classRV5.2/build/tft_ssd2119.o
                0x10003c54                MXC_TFT_SetBackGroundColor
 .text.MXC_TFT_Init
                0x10003d9c      0x6a8 C:/AI_Model/finger_11classRV5.2/build/tft_ssd2119.o
                0x10003d9c                MXC_TFT_Init
 .text.MXC_TFT_ClearScreen
                0x10004444        0xc C:/AI_Model/finger_11classRV5.2/build/tft_ssd2119.o
                0x10004444                MXC_TFT_ClearScreen
 .text.MXC_TFT_WritePixel
                0x10004450       0xc0 C:/AI_Model/finger_11classRV5.2/build/tft_ssd2119.o
                0x10004450                MXC_TFT_WritePixel
 .text.MXC_TFT_PrintFont
                0x10004510       0x18 C:/AI_Model/finger_11classRV5.2/build/tft_ssd2119.o
                0x10004510                MXC_TFT_PrintFont
 .text.MXC_TFT_ClearArea
                0x10004528      0x100 C:/AI_Model/finger_11classRV5.2/build/tft_ssd2119.o
                0x10004528                MXC_TFT_ClearArea
 .text.MXC_TS_PreInit
                0x10004628       0x44 C:/AI_Model/finger_11classRV5.2/build/tsc2046.o
                0x10004628                MXC_TS_PreInit
 .text.camera_irq_handler
                0x1000466c      0x13c C:/AI_Model/finger_11classRV5.2/build/camera.o
                0x1000466c                camera_irq_handler
 .text.stream_callback
                0x100047a8       0xbc C:/AI_Model/finger_11classRV5.2/build/camera.o
 .text.setup_dma
                0x10004864       0x94 C:/AI_Model/finger_11classRV5.2/build/camera.o
 .text.stream_irq_handler
                0x100048f8        0x4 C:/AI_Model/finger_11classRV5.2/build/camera.o
                0x100048f8                stream_irq_handler
 .text.camera_init
                0x100048fc      0x12c C:/AI_Model/finger_11classRV5.2/build/camera.o
                0x100048fc                camera_init
 .text.camera_setup
                0x10004a28      0x1d8 C:/AI_Model/finger_11classRV5.2/build/camera.o
                0x10004a28                camera_setup
 .text.camera_start_capture_image
                0x10004c00       0x3c C:/AI_Model/finger_11classRV5.2/build/camera.o
                0x10004c00                camera_start_capture_image
 .text.camera_is_image_rcv
                0x10004c3c       0x10 C:/AI_Model/finger_11classRV5.2/build/camera.o
                0x10004c3c                camera_is_image_rcv
 .text.camera_get_image
                0x10004c4c       0x3c C:/AI_Model/finger_11classRV5.2/build/camera.o
                0x10004c4c                camera_get_image
 .text.camera_set_brightness
                0x10004c88        0xc C:/AI_Model/finger_11classRV5.2/build/camera.o
                0x10004c88                camera_set_brightness
 .text.init     0x10004c94       0x10 C:/AI_Model/finger_11classRV5.2/build/ov7692.o
 .text.get_slave_address
                0x10004ca4        0xc C:/AI_Model/finger_11classRV5.2/build/ov7692.o
 .text.get_pixformat
                0x10004cb0       0x10 C:/AI_Model/finger_11classRV5.2/build/ov7692.o
 .text.set_saturation
                0x10004cc0        0x4 C:/AI_Model/finger_11classRV5.2/build/ov7692.o
 .text.get_luminance
                0x10004cc4       0x60 C:/AI_Model/finger_11classRV5.2/build/ov7692.o
 .text.read_reg
                0x10004d24       0x20 C:/AI_Model/finger_11classRV5.2/build/ov7692.o
 .text.get_manufacture_id
                0x10004d44       0x3c C:/AI_Model/finger_11classRV5.2/build/ov7692.o
 .text.get_product_id
                0x10004d80       0x3c C:/AI_Model/finger_11classRV5.2/build/ov7692.o
 .text.set_negateimage
                0x10004dbc       0x90 C:/AI_Model/finger_11classRV5.2/build/ov7692.o
 .text.set_vflip
                0x10004e4c       0x3c C:/AI_Model/finger_11classRV5.2/build/ov7692.o
 .text.set_hmirror
                0x10004e88       0x3c C:/AI_Model/finger_11classRV5.2/build/ov7692.o
 .text.set_colorbar
                0x10004ec4       0x3c C:/AI_Model/finger_11classRV5.2/build/ov7692.o
 .text.set_gainceiling
                0x10004f00       0xa0 C:/AI_Model/finger_11classRV5.2/build/ov7692.o
 .text.set_brightness
                0x10004fa0       0xa8 C:/AI_Model/finger_11classRV5.2/build/ov7692.o
 .text.set_contrast
                0x10005048       0xa0 C:/AI_Model/finger_11classRV5.2/build/ov7692.o
 .text.set_windowing
                0x100050e8      0x120 C:/AI_Model/finger_11classRV5.2/build/ov7692.o
 .text.set_framesize
                0x10005208       0xcc C:/AI_Model/finger_11classRV5.2/build/ov7692.o
 .text.set_pixformat
                0x100052d4       0x54 C:/AI_Model/finger_11classRV5.2/build/ov7692.o
 .text.write_reg
                0x10005328       0x18 C:/AI_Model/finger_11classRV5.2/build/ov7692.o
 .text.sleep    0x10005340       0x3c C:/AI_Model/finger_11classRV5.2/build/ov7692.o
 .text.reset    0x1000537c       0x64 C:/AI_Model/finger_11classRV5.2/build/ov7692.o
 .text.dump_registers
                0x100053e0       0xa8 C:/AI_Model/finger_11classRV5.2/build/ov7692.o
 .text.sensor_register
                0x10005488       0xbc C:/AI_Model/finger_11classRV5.2/build/ov7692.o
                0x10005488                sensor_register
 .text.send_byte
                0x10005544       0x68 C:/AI_Model/finger_11classRV5.2/build/sccb.o
 .text.get_byte
                0x100055ac       0x50 C:/AI_Model/finger_11classRV5.2/build/sccb.o
 .text.sccb_init
                0x100055fc       0x2c C:/AI_Model/finger_11classRV5.2/build/sccb.o
                0x100055fc                sccb_init
 .text.sccb_read_byt
                0x10005628      0x11c C:/AI_Model/finger_11classRV5.2/build/sccb.o
                0x10005628                sccb_read_byt
 .text.sccb_write_byt
                0x10005744       0xa4 C:/AI_Model/finger_11classRV5.2/build/sccb.o
                0x10005744                sccb_write_byt
 .text          0x100057e8      0x148 C:/AI_Model/finger_11classRV5.2/build/startup_max78000.o
                0x100057e8                Reset_Handler
                0x10005826                HardFault_Handler
                0x10005828                MemManage_Handler
                0x1000582a                BusFault_Handler
                0x1000582c                UsageFault_Handler
                0x1000582e                SVC_Handler
                0x10005830                DebugMon_Handler
                0x10005832                PendSV_Handler
                0x10005834                SysTick_Handler
                0x10005836                Default_Handler
                0x10005838                PF_IRQHandler
                0x1000583a                WDT0_IRQHandler
                0x1000583c                RSV02_IRQHandler
                0x1000583e                RTC_IRQHandler
                0x10005840                TRNG_IRQHandler
                0x10005842                TMR0_IRQHandler
                0x10005844                TMR1_IRQHandler
                0x10005846                TMR2_IRQHandler
                0x10005848                TMR3_IRQHandler
                0x1000584a                TMR4_IRQHandler
                0x1000584c                TMR5_IRQHandler
                0x1000584e                RSV11_IRQHandler
                0x10005850                RSV12_IRQHandler
                0x10005852                I2C0_IRQHandler
                0x10005854                UART0_IRQHandler
                0x10005856                UART1_IRQHandler
                0x10005858                SPI1_IRQHandler
                0x1000585a                RSV17_IRQHandler
                0x1000585c                RSV18_IRQHandler
                0x1000585e                RSV19_IRQHandler
                0x10005860                ADC_IRQHandler
                0x10005862                RSV21_IRQHandler
                0x10005864                RSV22_IRQHandler
                0x10005866                FLC0_IRQHandler
                0x1000586e                RSV27_IRQHandler
                0x10005870                DMA0_IRQHandler
                0x10005872                DMA1_IRQHandler
                0x10005874                DMA2_IRQHandler
                0x10005876                DMA3_IRQHandler
                0x10005878                RSV32_IRQHandler
                0x1000587a                RSV33_IRQHandler
                0x1000587c                UART2_IRQHandler
                0x1000587e                RSV35_IRQHandler
                0x10005880                I2C1_IRQHandler
                0x10005882                RSV37_IRQHandler
                0x10005884                RSV38_IRQHandler
                0x10005886                RSV39_IRQHandler
                0x10005888                RSV40_IRQHandler
                0x1000588a                RSV41_IRQHandler
                0x1000588c                RSV42_IRQHandler
                0x1000588e                RSV43_IRQHandler
                0x10005890                RSV44_IRQHandler
                0x10005892                RSV45_IRQHandler
                0x10005894                RSV46_IRQHandler
                0x10005896                RSV47_IRQHandler
                0x10005898                RSV48_IRQHandler
                0x1000589a                RSV49_IRQHandler
                0x1000589c                RSV50_IRQHandler
                0x1000589e                RSV51_IRQHandler
                0x100058a0                RSV52_IRQHandler
                0x100058a2                WUT_IRQHandler
                0x100058a4                GPIOWAKE_IRQHandler
                0x100058a6                RSV55_IRQHandler
                0x100058a8                SPI0_IRQHandler
                0x100058aa                WDT1_IRQHandler
                0x100058ac                RSV58_IRQHandler
                0x100058ae                PT_IRQHandler
                0x100058b0                RSV60_IRQHandler
                0x100058b2                RSV61_IRQHandler
                0x100058b4                I2C2_IRQHandler
                0x100058b6                RISCV_IRQHandler
                0x100058b8                RSV64_IRQHandler
                0x100058ba                RSV65_IRQHandler
                0x100058bc                RSV66_IRQHandler
                0x100058be                OWM_IRQHandler
                0x100058c0                RSV68_IRQHandler
                0x100058c2                RSV69_IRQHandler
                0x100058c4                RSV70_IRQHandler
                0x100058c6                RSV71_IRQHandler
                0x100058c8                RSV72_IRQHandler
                0x100058ca                RSV73_IRQHandler
                0x100058cc                RSV74_IRQHandler
                0x100058ce                RSV75_IRQHandler
                0x100058d0                RSV76_IRQHandler
                0x100058d2                RSV77_IRQHandler
                0x100058d4                RSV78_IRQHandler
                0x100058d6                RSV79_IRQHandler
                0x100058d8                RSV80_IRQHandler
                0x100058da                RSV81_IRQHandler
                0x100058dc                ECC_IRQHandler
                0x100058de                DVS_IRQHandler
                0x100058e0                SIMO_IRQHandler
                0x100058e2                RSV85_IRQHandler
                0x100058e4                RSV86_IRQHandler
                0x100058e6                RSV87_IRQHandler
                0x100058e8                UART3_IRQHandler
                0x100058ea                RSV89_IRQHandler
                0x100058ec                RSV90_IRQHandler
                0x100058ee                PCIF_IRQHandler
                0x100058f0                RSV92_IRQHandler
                0x100058f2                RSV93_IRQHandler
                0x100058f4                RSV94_IRQHandler
                0x100058f6                RSV95_IRQHandler
                0x100058f8                RSV96_IRQHandler
                0x100058fa                AES_IRQHandler
                0x100058fc                RSV98_IRQHandler
                0x100058fe                I2S_IRQHandler
                0x10005900                CNN_FIFO_IRQHandler
                0x10005902                CNN_IRQHandler
                0x10005904                RSV102_IRQHandler
                0x10005906                LPCMP_IRQHandler
 .text._sbrk    0x10005930       0x3c C:/AI_Model/finger_11classRV5.2/build/heap.o
                0x10005930                _sbrk
 .text.SystemCoreClockUpdate
                0x1000596c       0x68 C:/AI_Model/finger_11classRV5.2/build/system_max78000.o
                0x1000596c                SystemCoreClockUpdate
 .text.PreInit  0x100059d4        0x4 C:/AI_Model/finger_11classRV5.2/build/system_max78000.o
                0x100059d4                PreInit
 .text.SystemInit
                0x100059d8       0x38 C:/AI_Model/finger_11classRV5.2/build/system_max78000.o
                0x100059d8                SystemInit
 .text.MXC_DelayInit
                0x10005a10       0x7c C:/MaximSDK/Libraries/PeriphDrivers/bin/MAX78000/softfp/libPeriphDriver_softfp.a(mxc_delay.o)
 .text.MXC_DelayAsync
                0x10005a8c       0x3c C:/MaximSDK/Libraries/PeriphDrivers/bin/MAX78000/softfp/libPeriphDriver_softfp.a(mxc_delay.o)
                0x10005a8c                MXC_DelayAsync
 .text.MXC_DelayCheck
                0x10005ac8       0x70 C:/MaximSDK/Libraries/PeriphDrivers/bin/MAX78000/softfp/libPeriphDriver_softfp.a(mxc_delay.o)
                0x10005ac8                MXC_DelayCheck
 .text.MXC_DelayAbort
                0x10005b38       0x34 C:/MaximSDK/Libraries/PeriphDrivers/bin/MAX78000/softfp/libPeriphDriver_softfp.a(mxc_delay.o)
                0x10005b38                MXC_DelayAbort
 .text.MXC_Delay
                0x10005b6c       0x74 C:/MaximSDK/Libraries/PeriphDrivers/bin/MAX78000/softfp/libPeriphDriver_softfp.a(mxc_delay.o)
                0x10005b6c                MXC_Delay
 .text.MXC_NVIC_SetVector
                0x10005be0       0x50 C:/MaximSDK/Libraries/PeriphDrivers/bin/MAX78000/softfp/libPeriphDriver_softfp.a(nvic_table.o)
                0x10005be0                MXC_NVIC_SetVector
 .text.MXC_SYS_IsClockEnabled
                0x10005c30       0x44 C:/MaximSDK/Libraries/PeriphDrivers/bin/MAX78000/softfp/libPeriphDriver_softfp.a(sys_ai85.o)
                0x10005c30                MXC_SYS_IsClockEnabled
 .text.MXC_SYS_ClockDisable
                0x10005c74       0x44 C:/MaximSDK/Libraries/PeriphDrivers/bin/MAX78000/softfp/libPeriphDriver_softfp.a(sys_ai85.o)
                0x10005c74                MXC_SYS_ClockDisable
 .text.MXC_SYS_ClockEnable
                0x10005cb8       0x4c C:/MaximSDK/Libraries/PeriphDrivers/bin/MAX78000/softfp/libPeriphDriver_softfp.a(sys_ai85.o)
                0x10005cb8                MXC_SYS_ClockEnable
 .text.MXC_SYS_ClockSourceEnable
                0x10005d04       0xec C:/MaximSDK/Libraries/PeriphDrivers/bin/MAX78000/softfp/libPeriphDriver_softfp.a(sys_ai85.o)
                0x10005d04                MXC_SYS_ClockSourceEnable
 .text.MXC_SYS_Clock_Select
                0x10005df0      0x17c C:/MaximSDK/Libraries/PeriphDrivers/bin/MAX78000/softfp/libPeriphDriver_softfp.a(sys_ai85.o)
                0x10005df0                MXC_SYS_Clock_Select
 .text.MXC_SYS_Reset_Periph
                0x10005f6c       0x50 C:/MaximSDK/Libraries/PeriphDrivers/bin/MAX78000/softfp/libPeriphDriver_softfp.a(sys_ai85.o)
                0x10005f6c                MXC_SYS_Reset_Periph
 .text.MXC_PCIF_Init
                0x10005fbc       0x6c C:/MaximSDK/Libraries/PeriphDrivers/bin/MAX78000/softfp/libPeriphDriver_softfp.a(cameraif_ai85.o)
                0x10005fbc                MXC_PCIF_Init
 .text.MXC_PCIF_SetDataWidth
                0x10006028        0xc C:/MaximSDK/Libraries/PeriphDrivers/bin/MAX78000/softfp/libPeriphDriver_softfp.a(cameraif_ai85.o)
                0x10006028                MXC_PCIF_SetDataWidth
 .text.MXC_PCIF_SetTimingSel
                0x10006034        0xc C:/MaximSDK/Libraries/PeriphDrivers/bin/MAX78000/softfp/libPeriphDriver_softfp.a(cameraif_ai85.o)
                0x10006034                MXC_PCIF_SetTimingSel
 .text.MXC_PCIF_SetThreshold
                0x10006040        0xc C:/MaximSDK/Libraries/PeriphDrivers/bin/MAX78000/softfp/libPeriphDriver_softfp.a(cameraif_ai85.o)
                0x10006040                MXC_PCIF_SetThreshold
 .text.MXC_PCIF_EnableInt
                0x1000604c        0xc C:/MaximSDK/Libraries/PeriphDrivers/bin/MAX78000/softfp/libPeriphDriver_softfp.a(cameraif_ai85.o)
                0x1000604c                MXC_PCIF_EnableInt
 .text.MXC_PCIF_DisableInt
                0x10006058        0xc C:/MaximSDK/Libraries/PeriphDrivers/bin/MAX78000/softfp/libPeriphDriver_softfp.a(cameraif_ai85.o)
                0x10006058                MXC_PCIF_DisableInt
 .text.MXC_PCIF_Start
                0x10006064        0xc C:/MaximSDK/Libraries/PeriphDrivers/bin/MAX78000/softfp/libPeriphDriver_softfp.a(cameraif_ai85.o)
                0x10006064                MXC_PCIF_Start
 .text.MXC_PCIF_RevA_SetDatawidth
                0x10006070       0x14 C:/MaximSDK/Libraries/PeriphDrivers/bin/MAX78000/softfp/libPeriphDriver_softfp.a(cameraif_reva.o)
                0x10006070                MXC_PCIF_RevA_SetDatawidth
 .text.MXC_PCIF_RevA_SetTimingSel
                0x10006084       0x14 C:/MaximSDK/Libraries/PeriphDrivers/bin/MAX78000/softfp/libPeriphDriver_softfp.a(cameraif_reva.o)
                0x10006084                MXC_PCIF_RevA_SetTimingSel
 .text.MXC_PCIF_RevA_SetThreshold
                0x10006098       0x18 C:/MaximSDK/Libraries/PeriphDrivers/bin/MAX78000/softfp/libPeriphDriver_softfp.a(cameraif_reva.o)
                0x10006098                MXC_PCIF_RevA_SetThreshold
 .text.MXC_PCIF_RevA_EnableInt
                0x100060b0        0xc C:/MaximSDK/Libraries/PeriphDrivers/bin/MAX78000/softfp/libPeriphDriver_softfp.a(cameraif_reva.o)
                0x100060b0                MXC_PCIF_RevA_EnableInt
 .text.MXC_PCIF_RevA_DisableInt
                0x100060bc       0x10 C:/MaximSDK/Libraries/PeriphDrivers/bin/MAX78000/softfp/libPeriphDriver_softfp.a(cameraif_reva.o)
                0x100060bc                MXC_PCIF_RevA_DisableInt
 .text.MXC_PCIF_RevA_Start
                0x100060cc       0x14 C:/MaximSDK/Libraries/PeriphDrivers/bin/MAX78000/softfp/libPeriphDriver_softfp.a(cameraif_reva.o)
                0x100060cc                MXC_PCIF_RevA_Start
 .text.MXC_DMA_Init
                0x100060e0       0x30 C:/MaximSDK/Libraries/PeriphDrivers/bin/MAX78000/softfp/libPeriphDriver_softfp.a(dma_me17.o)
                0x100060e0                MXC_DMA_Init
 .text.MXC_DMA_AcquireChannel
                0x10006110        0xc C:/MaximSDK/Libraries/PeriphDrivers/bin/MAX78000/softfp/libPeriphDriver_softfp.a(dma_me17.o)
                0x10006110                MXC_DMA_AcquireChannel
 .text.MXC_DMA_SetCallback
                0x1000611c        0x4 C:/MaximSDK/Libraries/PeriphDrivers/bin/MAX78000/softfp/libPeriphDriver_softfp.a(dma_me17.o)
                0x1000611c                MXC_DMA_SetCallback
 .text.MXC_DMA_ChannelClearFlags
                0x10006120        0x4 C:/MaximSDK/Libraries/PeriphDrivers/bin/MAX78000/softfp/libPeriphDriver_softfp.a(dma_me17.o)
                0x10006120                MXC_DMA_ChannelClearFlags
 .text.MXC_DMA_Handler
                0x10006124        0xc C:/MaximSDK/Libraries/PeriphDrivers/bin/MAX78000/softfp/libPeriphDriver_softfp.a(dma_me17.o)
                0x10006124                MXC_DMA_Handler
 .text.MXC_DMA_RevA_Init
                0x10006130       0x94 C:/MaximSDK/Libraries/PeriphDrivers/bin/MAX78000/softfp/libPeriphDriver_softfp.a(dma_reva.o)
                0x10006130                MXC_DMA_RevA_Init
 .text.MXC_DMA_RevA_AcquireChannel
                0x100061c4       0x74 C:/MaximSDK/Libraries/PeriphDrivers/bin/MAX78000/softfp/libPeriphDriver_softfp.a(dma_reva.o)
                0x100061c4                MXC_DMA_RevA_AcquireChannel
 .text.MXC_DMA_RevA_SetCallback
                0x10006238       0x24 C:/MaximSDK/Libraries/PeriphDrivers/bin/MAX78000/softfp/libPeriphDriver_softfp.a(dma_reva.o)
                0x10006238                MXC_DMA_RevA_SetCallback
 .text.MXC_DMA_RevA_ChannelClearFlags
                0x1000625c       0x2c C:/MaximSDK/Libraries/PeriphDrivers/bin/MAX78000/softfp/libPeriphDriver_softfp.a(dma_reva.o)
                0x1000625c                MXC_DMA_RevA_ChannelClearFlags
 .text.MXC_DMA_RevA_Handler
                0x10006288       0x70 C:/MaximSDK/Libraries/PeriphDrivers/bin/MAX78000/softfp/libPeriphDriver_softfp.a(dma_reva.o)
                0x10006288                MXC_DMA_RevA_Handler
 .text.MXC_GPIO_Init
                0x100062f8       0x40 C:/MaximSDK/Libraries/PeriphDrivers/bin/MAX78000/softfp/libPeriphDriver_softfp.a(gpio_ai85.o)
                0x100062f8                MXC_GPIO_Init
 .text.MXC_GPIO_Config
                0x10006338      0x1f4 C:/MaximSDK/Libraries/PeriphDrivers/bin/MAX78000/softfp/libPeriphDriver_softfp.a(gpio_ai85.o)
                0x10006338                MXC_GPIO_Config
 .text.MXC_GPIO_OutSet
                0x1000652c       0x34 C:/MaximSDK/Libraries/PeriphDrivers/bin/MAX78000/softfp/libPeriphDriver_softfp.a(gpio_ai85.o)
                0x1000652c                MXC_GPIO_OutSet
 .text.MXC_GPIO_OutClr
                0x10006560       0x34 C:/MaximSDK/Libraries/PeriphDrivers/bin/MAX78000/softfp/libPeriphDriver_softfp.a(gpio_ai85.o)
                0x10006560                MXC_GPIO_OutClr
 .text.MXC_GPIO_Handler
                0x10006594        0x4 C:/MaximSDK/Libraries/PeriphDrivers/bin/MAX78000/softfp/libPeriphDriver_softfp.a(gpio_ai85.o)
                0x10006594                MXC_GPIO_Handler
 .text.MXC_GPIO_ClearFlags
                0x10006598        0x4 C:/MaximSDK/Libraries/PeriphDrivers/bin/MAX78000/softfp/libPeriphDriver_softfp.a(gpio_ai85.o)
                0x10006598                MXC_GPIO_ClearFlags
 .text.MXC_GPIO_GetFlags
                0x1000659c        0x4 C:/MaximSDK/Libraries/PeriphDrivers/bin/MAX78000/softfp/libPeriphDriver_softfp.a(gpio_ai85.o)
                0x1000659c                MXC_GPIO_GetFlags
 .text.MXC_GPIO_SetVSSEL
                0x100065a0        0x4 C:/MaximSDK/Libraries/PeriphDrivers/bin/MAX78000/softfp/libPeriphDriver_softfp.a(gpio_ai85.o)
                0x100065a0                MXC_GPIO_SetVSSEL
 .text.MXC_GPIO_RevA_OutSet
                0x100065a4        0x4 C:/MaximSDK/Libraries/PeriphDrivers/bin/MAX78000/softfp/libPeriphDriver_softfp.a(gpio_reva.o)
                0x100065a4                MXC_GPIO_RevA_OutSet
 .text.MXC_GPIO_RevA_OutClr
                0x100065a8        0x4 C:/MaximSDK/Libraries/PeriphDrivers/bin/MAX78000/softfp/libPeriphDriver_softfp.a(gpio_reva.o)
                0x100065a8                MXC_GPIO_RevA_OutClr
 .text.MXC_GPIO_RevA_ClearFlags
                0x100065ac        0x4 C:/MaximSDK/Libraries/PeriphDrivers/bin/MAX78000/softfp/libPeriphDriver_softfp.a(gpio_reva.o)
                0x100065ac                MXC_GPIO_RevA_ClearFlags
 .text.MXC_GPIO_RevA_GetFlags
                0x100065b0        0x4 C:/MaximSDK/Libraries/PeriphDrivers/bin/MAX78000/softfp/libPeriphDriver_softfp.a(gpio_reva.o)
                0x100065b0                MXC_GPIO_RevA_GetFlags
 .text.MXC_GPIO_RevA_SetVSSEL
                0x100065b4       0x30 C:/MaximSDK/Libraries/PeriphDrivers/bin/MAX78000/softfp/libPeriphDriver_softfp.a(gpio_reva.o)
                0x100065b4                MXC_GPIO_RevA_SetVSSEL
 .text.MXC_GPIO_RevA_SetAF
                0x100065e4       0x68 C:/MaximSDK/Libraries/PeriphDrivers/bin/MAX78000/softfp/libPeriphDriver_softfp.a(gpio_reva.o)
                0x100065e4                MXC_GPIO_RevA_SetAF
 .text.MXC_ICC_Enable
                0x1000664c        0x4 C:/MaximSDK/Libraries/PeriphDrivers/bin/MAX78000/softfp/libPeriphDriver_softfp.a(icc_me17.o)
                0x1000664c                MXC_ICC_Enable
 .text.MXC_ICC_RevA_Enable
                0x10006650       0x30 C:/MaximSDK/Libraries/PeriphDrivers/bin/MAX78000/softfp/libPeriphDriver_softfp.a(icc_reva.o)
                0x10006650                MXC_ICC_RevA_Enable
 .text.MXC_PT_Init
                0x10006680      0x128 C:/MaximSDK/Libraries/PeriphDrivers/bin/MAX78000/softfp/libPeriphDriver_softfp.a(pt_me17.o)
                0x10006680                MXC_PT_Init
 .text.MXC_PT_Config
                0x100067a8       0x5c C:/MaximSDK/Libraries/PeriphDrivers/bin/MAX78000/softfp/libPeriphDriver_softfp.a(pt_me17.o)
                0x100067a8                MXC_PT_Config
 .text.MXC_PT_SqrWaveConfig
                0x10006804       0x20 C:/MaximSDK/Libraries/PeriphDrivers/bin/MAX78000/softfp/libPeriphDriver_softfp.a(pt_me17.o)
                0x10006804                MXC_PT_SqrWaveConfig
 .text.MXC_PT_Start
                0x10006824        0xc C:/MaximSDK/Libraries/PeriphDrivers/bin/MAX78000/softfp/libPeriphDriver_softfp.a(pt_me17.o)
                0x10006824                MXC_PT_Start
 .text.MXC_PT_IsActive
                0x10006830        0xc C:/MaximSDK/Libraries/PeriphDrivers/bin/MAX78000/softfp/libPeriphDriver_softfp.a(pt_me17.o)
                0x10006830                MXC_PT_IsActive
 .text.MXC_PT_RevA_Init
                0x1000683c       0x10 C:/MaximSDK/Libraries/PeriphDrivers/bin/MAX78000/softfp/libPeriphDriver_softfp.a(pt_reva.o)
                0x1000683c                MXC_PT_RevA_Init
 .text.MXC_PT_RevA_Config
                0x1000684c       0xc4 C:/MaximSDK/Libraries/PeriphDrivers/bin/MAX78000/softfp/libPeriphDriver_softfp.a(pt_reva.o)
                0x1000684c                MXC_PT_RevA_Config
 .text.MXC_PT_RevA_SqrWaveConfig
                0x10006910       0x18 C:/MaximSDK/Libraries/PeriphDrivers/bin/MAX78000/softfp/libPeriphDriver_softfp.a(pt_reva.o)
                0x10006910                MXC_PT_RevA_SqrWaveConfig
 .text.MXC_PT_RevA_Start
                0x10006928       0x10 C:/MaximSDK/Libraries/PeriphDrivers/bin/MAX78000/softfp/libPeriphDriver_softfp.a(pt_reva.o)
                0x10006928                MXC_PT_RevA_Start
 .text.MXC_PT_RevA_IsActive
                0x10006938        0xc C:/MaximSDK/Libraries/PeriphDrivers/bin/MAX78000/softfp/libPeriphDriver_softfp.a(pt_reva.o)
                0x10006938                MXC_PT_RevA_IsActive
 .text.MXC_SPI_Init
                0x10006944      0x1e8 C:/MaximSDK/Libraries/PeriphDrivers/bin/MAX78000/softfp/libPeriphDriver_softfp.a(spi_me17.o)
                0x10006944                MXC_SPI_Init
 .text.MXC_SPI_GetPeripheralClock
                0x10006b2c       0x70 C:/MaximSDK/Libraries/PeriphDrivers/bin/MAX78000/softfp/libPeriphDriver_softfp.a(spi_me17.o)
                0x10006b2c                MXC_SPI_GetPeripheralClock
 .text.MXC_SPI_SetFrequency
                0x10006b9c        0x4 C:/MaximSDK/Libraries/PeriphDrivers/bin/MAX78000/softfp/libPeriphDriver_softfp.a(spi_me17.o)
                0x10006b9c                MXC_SPI_SetFrequency
 .text.MXC_SPI_SetDataSize
                0x10006ba0        0x4 C:/MaximSDK/Libraries/PeriphDrivers/bin/MAX78000/softfp/libPeriphDriver_softfp.a(spi_me17.o)
                0x10006ba0                MXC_SPI_SetDataSize
 .text.MXC_SPI_SetWidth
                0x10006ba4        0x4 C:/MaximSDK/Libraries/PeriphDrivers/bin/MAX78000/softfp/libPeriphDriver_softfp.a(spi_me17.o)
                0x10006ba4                MXC_SPI_SetWidth
 .text.MXC_SPI_RevA_Init
                0x10006ba8       0xfc C:/MaximSDK/Libraries/PeriphDrivers/bin/MAX78000/softfp/libPeriphDriver_softfp.a(spi_reva.o)
                0x10006ba8                MXC_SPI_RevA_Init
 .text.MXC_SPI_RevA_SetFrequency
                0x10006ca4       0x94 C:/MaximSDK/Libraries/PeriphDrivers/bin/MAX78000/softfp/libPeriphDriver_softfp.a(spi_reva.o)
                0x10006ca4                MXC_SPI_RevA_SetFrequency
 .text.MXC_SPI_RevA_SetDataSize
                0x10006d38       0xa0 C:/MaximSDK/Libraries/PeriphDrivers/bin/MAX78000/softfp/libPeriphDriver_softfp.a(spi_reva.o)
                0x10006d38                MXC_SPI_RevA_SetDataSize
 .text.MXC_SPI_RevA_SetWidth
                0x10006dd8       0x6c C:/MaximSDK/Libraries/PeriphDrivers/bin/MAX78000/softfp/libPeriphDriver_softfp.a(spi_reva.o)
                0x10006dd8                MXC_SPI_RevA_SetWidth
 .text.MXC_TMR_Init
                0x10006e44      0x314 C:/MaximSDK/Libraries/PeriphDrivers/bin/MAX78000/softfp/libPeriphDriver_softfp.a(tmr_ai85.o)
                0x10006e44                MXC_TMR_Init
 .text.MXC_TMR_Start
                0x10007158        0x4 C:/MaximSDK/Libraries/PeriphDrivers/bin/MAX78000/softfp/libPeriphDriver_softfp.a(tmr_ai85.o)
                0x10007158                MXC_TMR_Start
 .text.MXC_TMR_Stop
                0x1000715c        0x4 C:/MaximSDK/Libraries/PeriphDrivers/bin/MAX78000/softfp/libPeriphDriver_softfp.a(tmr_ai85.o)
                0x1000715c                MXC_TMR_Stop
 .text.MXC_TMR_ClearFlags
                0x10007160        0x4 C:/MaximSDK/Libraries/PeriphDrivers/bin/MAX78000/softfp/libPeriphDriver_softfp.a(tmr_ai85.o)
                0x10007160                MXC_TMR_ClearFlags
 .text.MXC_TMR_SetCount
                0x10007164        0x4 C:/MaximSDK/Libraries/PeriphDrivers/bin/MAX78000/softfp/libPeriphDriver_softfp.a(tmr_ai85.o)
                0x10007164                MXC_TMR_SetCount
 .text.MXC_TMR_TO_Start
                0x10007168        0x4 C:/MaximSDK/Libraries/PeriphDrivers/bin/MAX78000/softfp/libPeriphDriver_softfp.a(tmr_ai85.o)
                0x10007168                MXC_TMR_TO_Start
 .text.MXC_TMR_TO_Stop
                0x1000716c        0x4 C:/MaximSDK/Libraries/PeriphDrivers/bin/MAX78000/softfp/libPeriphDriver_softfp.a(tmr_ai85.o)
                0x1000716c                MXC_TMR_TO_Stop
 .text.MXC_TMR_TO_Elapsed
                0x10007170        0x4 C:/MaximSDK/Libraries/PeriphDrivers/bin/MAX78000/softfp/libPeriphDriver_softfp.a(tmr_ai85.o)
                0x10007170                MXC_TMR_TO_Elapsed
 .text.MXC_TMR_SW_Start
                0x10007174        0x4 C:/MaximSDK/Libraries/PeriphDrivers/bin/MAX78000/softfp/libPeriphDriver_softfp.a(tmr_ai85.o)
                0x10007174                MXC_TMR_SW_Start
 .text.MXC_TMR_SW_Stop
                0x10007178        0x4 C:/MaximSDK/Libraries/PeriphDrivers/bin/MAX78000/softfp/libPeriphDriver_softfp.a(tmr_ai85.o)
                0x10007178                MXC_TMR_SW_Stop
 .text.MXC_TMR_GetTime
                0x1000717c        0x4 C:/MaximSDK/Libraries/PeriphDrivers/bin/MAX78000/softfp/libPeriphDriver_softfp.a(tmr_ai85.o)
                0x1000717c                MXC_TMR_GetTime
 .text.MXC_TMR_RevB_SetClockSourceFreq
                0x10007180       0x7c C:/MaximSDK/Libraries/PeriphDrivers/bin/MAX78000/softfp/libPeriphDriver_softfp.a(tmr_revb.o)
                0x10007180                MXC_TMR_RevB_SetClockSourceFreq
 .text.MXC_TMR_RevB_GetClockSourceFreq
                0x100071fc       0x80 C:/MaximSDK/Libraries/PeriphDrivers/bin/MAX78000/softfp/libPeriphDriver_softfp.a(tmr_revb.o)
                0x100071fc                MXC_TMR_RevB_GetClockSourceFreq
 .text.MXC_TMR_RevB_ConfigGeneric
                0x1000727c       0xe8 C:/MaximSDK/Libraries/PeriphDrivers/bin/MAX78000/softfp/libPeriphDriver_softfp.a(tmr_revb.o)
                0x1000727c                MXC_TMR_RevB_ConfigGeneric
 .text.MXC_TMR_RevB_Init
                0x10007364       0xc8 C:/MaximSDK/Libraries/PeriphDrivers/bin/MAX78000/softfp/libPeriphDriver_softfp.a(tmr_revb.o)
                0x10007364                MXC_TMR_RevB_Init
 .text.MXC_TMR_RevB_Start
                0x1000742c       0x5c C:/MaximSDK/Libraries/PeriphDrivers/bin/MAX78000/softfp/libPeriphDriver_softfp.a(tmr_revb.o)
                0x1000742c                MXC_TMR_RevB_Start
 .text.MXC_TMR_RevB_Stop
                0x10007488       0x58 C:/MaximSDK/Libraries/PeriphDrivers/bin/MAX78000/softfp/libPeriphDriver_softfp.a(tmr_revb.o)
                0x10007488                MXC_TMR_RevB_Stop
 .text.MXC_TMR_RevB_ClearFlags
                0x100074e0       0x58 C:/MaximSDK/Libraries/PeriphDrivers/bin/MAX78000/softfp/libPeriphDriver_softfp.a(tmr_revb.o)
                0x100074e0                MXC_TMR_RevB_ClearFlags
 .text.MXC_TMR_RevB_SetCount
                0x10007538       0x5c C:/MaximSDK/Libraries/PeriphDrivers/bin/MAX78000/softfp/libPeriphDriver_softfp.a(tmr_revb.o)
                0x10007538                MXC_TMR_RevB_SetCount
 .text.MXC_TMR_RevB_TO_Start
                0x10007594       0xe4 C:/MaximSDK/Libraries/PeriphDrivers/bin/MAX78000/softfp/libPeriphDriver_softfp.a(tmr_revb.o)
                0x10007594                MXC_TMR_RevB_TO_Start
 .text.MXC_TMR_RevB_GetTime
                0x10007678      0x148 C:/MaximSDK/Libraries/PeriphDrivers/bin/MAX78000/softfp/libPeriphDriver_softfp.a(tmr_revb.o)
                0x10007678                MXC_TMR_RevB_GetTime
 .text.MXC_UART_Shutdown
                0x100077c0       0x70 C:/MaximSDK/Libraries/PeriphDrivers/bin/MAX78000/softfp/libPeriphDriver_softfp.a(uart_ai85.o)
                0x100077c0                MXC_UART_Shutdown
 .text.MXC_UART_Init
                0x10007830       0xb8 C:/MaximSDK/Libraries/PeriphDrivers/bin/MAX78000/softfp/libPeriphDriver_softfp.a(uart_ai85.o)
                0x10007830                MXC_UART_Init
 .text.MXC_UART_SetFrequency
                0x100078e8       0xcc C:/MaximSDK/Libraries/PeriphDrivers/bin/MAX78000/softfp/libPeriphDriver_softfp.a(uart_ai85.o)
                0x100078e8                MXC_UART_SetFrequency
 .text.MXC_UART_GetFrequency
                0x100079b4       0x54 C:/MaximSDK/Libraries/PeriphDrivers/bin/MAX78000/softfp/libPeriphDriver_softfp.a(uart_ai85.o)
                0x100079b4                MXC_UART_GetFrequency
 .text.MXC_UART_SetDataSize
                0x10007a08        0x4 C:/MaximSDK/Libraries/PeriphDrivers/bin/MAX78000/softfp/libPeriphDriver_softfp.a(uart_ai85.o)
                0x10007a08                MXC_UART_SetDataSize
 .text.MXC_UART_SetStopBits
                0x10007a0c        0x4 C:/MaximSDK/Libraries/PeriphDrivers/bin/MAX78000/softfp/libPeriphDriver_softfp.a(uart_ai85.o)
                0x10007a0c                MXC_UART_SetStopBits
 .text.MXC_UART_SetParity
                0x10007a10        0x4 C:/MaximSDK/Libraries/PeriphDrivers/bin/MAX78000/softfp/libPeriphDriver_softfp.a(uart_ai85.o)
                0x10007a10                MXC_UART_SetParity
 .text.MXC_UART_ReadCharacterRaw
                0x10007a14        0x4 C:/MaximSDK/Libraries/PeriphDrivers/bin/MAX78000/softfp/libPeriphDriver_softfp.a(uart_ai85.o)
                0x10007a14                MXC_UART_ReadCharacterRaw
 .text.MXC_UART_WriteCharacterRaw
                0x10007a18        0x4 C:/MaximSDK/Libraries/PeriphDrivers/bin/MAX78000/softfp/libPeriphDriver_softfp.a(uart_ai85.o)
                0x10007a18                MXC_UART_WriteCharacterRaw
 .text.MXC_UART_ReadCharacter
                0x10007a1c        0x4 C:/MaximSDK/Libraries/PeriphDrivers/bin/MAX78000/softfp/libPeriphDriver_softfp.a(uart_ai85.o)
                0x10007a1c                MXC_UART_ReadCharacter
 .text.MXC_UART_WriteCharacter
                0x10007a20        0x4 C:/MaximSDK/Libraries/PeriphDrivers/bin/MAX78000/softfp/libPeriphDriver_softfp.a(uart_ai85.o)
                0x10007a20                MXC_UART_WriteCharacter
 .text.MXC_UART_ReadRXFIFO
                0x10007a24        0x4 C:/MaximSDK/Libraries/PeriphDrivers/bin/MAX78000/softfp/libPeriphDriver_softfp.a(uart_ai85.o)
                0x10007a24                MXC_UART_ReadRXFIFO
 .text.MXC_UART_GetRXFIFOAvailable
                0x10007a28        0x4 C:/MaximSDK/Libraries/PeriphDrivers/bin/MAX78000/softfp/libPeriphDriver_softfp.a(uart_ai85.o)
                0x10007a28                MXC_UART_GetRXFIFOAvailable
 .text.MXC_UART_WriteTXFIFO
                0x10007a2c        0x4 C:/MaximSDK/Libraries/PeriphDrivers/bin/MAX78000/softfp/libPeriphDriver_softfp.a(uart_ai85.o)
                0x10007a2c                MXC_UART_WriteTXFIFO
 .text.MXC_UART_GetTXFIFOAvailable
                0x10007a30        0x4 C:/MaximSDK/Libraries/PeriphDrivers/bin/MAX78000/softfp/libPeriphDriver_softfp.a(uart_ai85.o)
                0x10007a30                MXC_UART_GetTXFIFOAvailable
 .text.MXC_UART_SetRXThreshold
                0x10007a34        0x4 C:/MaximSDK/Libraries/PeriphDrivers/bin/MAX78000/softfp/libPeriphDriver_softfp.a(uart_ai85.o)
                0x10007a34                MXC_UART_SetRXThreshold
 .text.MXC_UART_GetFlags
                0x10007a38        0x4 C:/MaximSDK/Libraries/PeriphDrivers/bin/MAX78000/softfp/libPeriphDriver_softfp.a(uart_ai85.o)
                0x10007a38                MXC_UART_GetFlags
 .text.MXC_UART_ClearFlags
                0x10007a3c        0x4 C:/MaximSDK/Libraries/PeriphDrivers/bin/MAX78000/softfp/libPeriphDriver_softfp.a(uart_ai85.o)
                0x10007a3c                MXC_UART_ClearFlags
 .text.MXC_UART_DisableInt
                0x10007a40        0x4 C:/MaximSDK/Libraries/PeriphDrivers/bin/MAX78000/softfp/libPeriphDriver_softfp.a(uart_ai85.o)
                0x10007a40                MXC_UART_DisableInt
 .text.MXC_UART_Transaction
                0x10007a44        0x4 C:/MaximSDK/Libraries/PeriphDrivers/bin/MAX78000/softfp/libPeriphDriver_softfp.a(uart_ai85.o)
                0x10007a44                MXC_UART_Transaction
 .text.MXC_UART_Common_ReadCharacter
                0x10007a48       0x18 C:/MaximSDK/Libraries/PeriphDrivers/bin/MAX78000/softfp/libPeriphDriver_softfp.a(uart_common.o)
                0x10007a48                MXC_UART_Common_ReadCharacter
 .text.MXC_UART_Common_WriteCharacter
                0x10007a60       0x1c C:/MaximSDK/Libraries/PeriphDrivers/bin/MAX78000/softfp/libPeriphDriver_softfp.a(uart_common.o)
                0x10007a60                MXC_UART_Common_WriteCharacter
 .text.MXC_UART_RevB_Init
                0x10007a7c       0x70 C:/MaximSDK/Libraries/PeriphDrivers/bin/MAX78000/softfp/libPeriphDriver_softfp.a(uart_revb.o)
                0x10007a7c                MXC_UART_RevB_Init
 .text.MXC_UART_RevB_SetFrequency
                0x10007aec       0x9c C:/MaximSDK/Libraries/PeriphDrivers/bin/MAX78000/softfp/libPeriphDriver_softfp.a(uart_revb.o)
                0x10007aec                MXC_UART_RevB_SetFrequency
 .text.MXC_UART_RevB_GetFrequency
                0x10007b88       0x7c C:/MaximSDK/Libraries/PeriphDrivers/bin/MAX78000/softfp/libPeriphDriver_softfp.a(uart_revb.o)
                0x10007b88                MXC_UART_RevB_GetFrequency
 .text.MXC_UART_RevB_SetDataSize
                0x10007c04       0x40 C:/MaximSDK/Libraries/PeriphDrivers/bin/MAX78000/softfp/libPeriphDriver_softfp.a(uart_revb.o)
                0x10007c04                MXC_UART_RevB_SetDataSize
 .text.MXC_UART_RevB_SetStopBits
                0x10007c44       0x4c C:/MaximSDK/Libraries/PeriphDrivers/bin/MAX78000/softfp/libPeriphDriver_softfp.a(uart_revb.o)
                0x10007c44                MXC_UART_RevB_SetStopBits
 .text.MXC_UART_RevB_SetParity
                0x10007c90       0xb4 C:/MaximSDK/Libraries/PeriphDrivers/bin/MAX78000/softfp/libPeriphDriver_softfp.a(uart_revb.o)
                0x10007c90                MXC_UART_RevB_SetParity
 .text.MXC_UART_RevB_ReadCharacterRaw
                0x10007d44       0x38 C:/MaximSDK/Libraries/PeriphDrivers/bin/MAX78000/softfp/libPeriphDriver_softfp.a(uart_revb.o)
                0x10007d44                MXC_UART_RevB_ReadCharacterRaw
 .text.MXC_UART_RevB_WriteCharacterRaw
                0x10007d7c       0x3c C:/MaximSDK/Libraries/PeriphDrivers/bin/MAX78000/softfp/libPeriphDriver_softfp.a(uart_revb.o)
                0x10007d7c                MXC_UART_RevB_WriteCharacterRaw
 .text.MXC_UART_RevB_ReadRXFIFO
                0x10007db8       0x2c C:/MaximSDK/Libraries/PeriphDrivers/bin/MAX78000/softfp/libPeriphDriver_softfp.a(uart_revb.o)
                0x10007db8                MXC_UART_RevB_ReadRXFIFO
 .text.MXC_UART_RevB_GetRXFIFOAvailable
                0x10007de4        0x8 C:/MaximSDK/Libraries/PeriphDrivers/bin/MAX78000/softfp/libPeriphDriver_softfp.a(uart_revb.o)
                0x10007de4                MXC_UART_RevB_GetRXFIFOAvailable
 .text.MXC_UART_RevB_WriteTXFIFO
                0x10007dec       0x2c C:/MaximSDK/Libraries/PeriphDrivers/bin/MAX78000/softfp/libPeriphDriver_softfp.a(uart_revb.o)
                0x10007dec                MXC_UART_RevB_WriteTXFIFO
 .text.MXC_UART_RevB_GetTXFIFOAvailable
                0x10007e18        0xc C:/MaximSDK/Libraries/PeriphDrivers/bin/MAX78000/softfp/libPeriphDriver_softfp.a(uart_revb.o)
                0x10007e18                MXC_UART_RevB_GetTXFIFOAvailable
 .text.MXC_UART_RevB_SetRXThreshold
                0x10007e24       0x40 C:/MaximSDK/Libraries/PeriphDrivers/bin/MAX78000/softfp/libPeriphDriver_softfp.a(uart_revb.o)
                0x10007e24                MXC_UART_RevB_SetRXThreshold
 .text.MXC_UART_RevB_GetFlags
                0x10007e64        0x4 C:/MaximSDK/Libraries/PeriphDrivers/bin/MAX78000/softfp/libPeriphDriver_softfp.a(uart_revb.o)
                0x10007e64                MXC_UART_RevB_GetFlags
 .text.MXC_UART_RevB_ClearFlags
                0x10007e68       0x30 C:/MaximSDK/Libraries/PeriphDrivers/bin/MAX78000/softfp/libPeriphDriver_softfp.a(uart_revb.o)
                0x10007e68                MXC_UART_RevB_ClearFlags
 .text.MXC_UART_RevB_DisableInt
                0x10007e98       0x38 C:/MaximSDK/Libraries/PeriphDrivers/bin/MAX78000/softfp/libPeriphDriver_softfp.a(uart_revb.o)
                0x10007e98                MXC_UART_RevB_DisableInt
 .text.MXC_UART_RevB_Transaction
                0x10007ed0      0x148 C:/MaximSDK/Libraries/PeriphDrivers/bin/MAX78000/softfp/libPeriphDriver_softfp.a(uart_revb.o)
                0x10007ed0                MXC_UART_RevB_Transaction
 .text.MXC_GetLock
                0x10008018       0x1c C:/MaximSDK/Libraries/PeriphDrivers/bin/MAX78000/softfp/libPeriphDriver_softfp.a(mxc_lock.o)
                0x10008018                MXC_GetLock
 .text.MXC_FreeLock
                0x10008034        0xc C:/MaximSDK/Libraries/PeriphDrivers/bin/MAX78000/softfp/libPeriphDriver_softfp.a(mxc_lock.o)
                0x10008034                MXC_FreeLock
 .text.MXC_GPIO_Common_Init
                0x10008040       0x24 C:/MaximSDK/Libraries/PeriphDrivers/bin/MAX78000/softfp/libPeriphDriver_softfp.a(gpio_common.o)
                0x10008040                MXC_GPIO_Common_Init
 .text.MXC_GPIO_Common_Handler
                0x10008064       0x88 C:/MaximSDK/Libraries/PeriphDrivers/bin/MAX78000/softfp/libPeriphDriver_softfp.a(gpio_common.o)
                0x10008064                MXC_GPIO_Common_Handler
 .text.MXC_TMR_Common_TO_Stop
                0x100080ec       0x14 C:/MaximSDK/Libraries/PeriphDrivers/bin/MAX78000/softfp/libPeriphDriver_softfp.a(tmr_common.o)
                0x100080ec                MXC_TMR_Common_TO_Stop
 .text.MXC_TMR_Common_SW_Start
                0x10008100        0x8 C:/MaximSDK/Libraries/PeriphDrivers/bin/MAX78000/softfp/libPeriphDriver_softfp.a(tmr_common.o)
                0x10008100                MXC_TMR_Common_SW_Start
 .text.MXC_TMR_Common_SW_Stop
                0x10008108       0x14 C:/MaximSDK/Libraries/PeriphDrivers/bin/MAX78000/softfp/libPeriphDriver_softfp.a(tmr_common.o)
                0x10008108                MXC_TMR_Common_SW_Stop
 .text.MXC_TMR_Common_TO_Elapsed
                0x1000811c       0x54 C:/MaximSDK/Libraries/PeriphDrivers/bin/MAX78000/softfp/libPeriphDriver_softfp.a(tmr_common.o)
                0x1000811c                MXC_TMR_Common_TO_Elapsed
 .text.__errno  0x10008170        0xc c:/maximsdk/tools/gnutools/10.3/bin/../lib/gcc/arm-none-eabi/10.3.1/../../../../arm-none-eabi/lib/thumb/v7e-m+fp/softfp\libc.a(lib_a-errno.o)
                0x10008170                __errno
 .text.__libc_init_array
                0x1000817c       0x48 c:/maximsdk/tools/gnutools/10.3/bin/../lib/gcc/arm-none-eabi/10.3.1/../../../../arm-none-eabi/lib/thumb/v7e-m+fp/softfp\libc.a(lib_a-init.o)
                0x1000817c                __libc_init_array
 .text.malloc   0x100081c4       0x10 c:/maximsdk/tools/gnutools/10.3/bin/../lib/gcc/arm-none-eabi/10.3.1/../../../../arm-none-eabi/lib/thumb/v7e-m+fp/softfp\libc.a(lib_a-malloc.o)
                0x100081c4                malloc
 .text.free     0x100081d4       0x10 c:/maximsdk/tools/gnutools/10.3/bin/../lib/gcc/arm-none-eabi/10.3.1/../../../../arm-none-eabi/lib/thumb/v7e-m+fp/softfp\libc.a(lib_a-malloc.o)
                0x100081d4                free
 .text._malloc_r
                0x100081e4      0x560 c:/maximsdk/tools/gnutools/10.3/bin/../lib/gcc/arm-none-eabi/10.3.1/../../../../arm-none-eabi/lib/thumb/v7e-m+fp/softfp\libc.a(lib_a-mallocr.o)
                0x100081e4                _malloc_r
 .text          0x10008744      0x134 c:/maximsdk/tools/gnutools/10.3/bin/../lib/gcc/arm-none-eabi/10.3.1/../../../../arm-none-eabi/lib/thumb/v7e-m+fp/softfp\libc.a(lib_a-memcpy.o)
                0x10008744                memcpy
 .text.memset   0x10008878       0xa4 c:/maximsdk/tools/gnutools/10.3/bin/../lib/gcc/arm-none-eabi/10.3.1/../../../../arm-none-eabi/lib/thumb/v7e-m+fp/softfp\libc.a(lib_a-memset.o)
                0x10008878                memset
 .text.__malloc_lock
                0x1000891c        0xc c:/maximsdk/tools/gnutools/10.3/bin/../lib/gcc/arm-none-eabi/10.3.1/../../../../arm-none-eabi/lib/thumb/v7e-m+fp/softfp\libc.a(lib_a-mlock.o)
                0x1000891c                __malloc_lock
 .text.__malloc_unlock
                0x10008928        0xc c:/maximsdk/tools/gnutools/10.3/bin/../lib/gcc/arm-none-eabi/10.3.1/../../../../arm-none-eabi/lib/thumb/v7e-m+fp/softfp\libc.a(lib_a-mlock.o)
                0x10008928                __malloc_unlock
 .text.printf   0x10008934       0x28 c:/maximsdk/tools/gnutools/10.3/bin/../lib/gcc/arm-none-eabi/10.3.1/../../../../arm-none-eabi/lib/thumb/v7e-m+fp/softfp\libc.a(lib_a-printf.o)
                0x10008934                printf
 .text._puts_r  0x1000895c       0x9c c:/maximsdk/tools/gnutools/10.3/bin/../lib/gcc/arm-none-eabi/10.3.1/../../../../arm-none-eabi/lib/thumb/v7e-m+fp/softfp\libc.a(lib_a-puts.o)
                0x1000895c                _puts_r
 .text.puts     0x100089f8       0x10 c:/maximsdk/tools/gnutools/10.3/bin/../lib/gcc/arm-none-eabi/10.3.1/../../../../arm-none-eabi/lib/thumb/v7e-m+fp/softfp\libc.a(lib_a-puts.o)
                0x100089f8                puts
 .text._sbrk_r  0x10008a08       0x24 c:/maximsdk/tools/gnutools/10.3/bin/../lib/gcc/arm-none-eabi/10.3.1/../../../../arm-none-eabi/lib/thumb/v7e-m+fp/softfp\libc.a(lib_a-sbrkr.o)
                0x10008a08                _sbrk_r
 .text.snprintf
                0x10008a2c       0x88 c:/maximsdk/tools/gnutools/10.3/bin/../lib/gcc/arm-none-eabi/10.3.1/../../../../arm-none-eabi/lib/thumb/v7e-m+fp/softfp\libc.a(lib_a-snprintf.o)
                0x10008a2c                snprintf
 *fill*         0x10008ab4        0xc 
 .text          0x10008ac0       0xdc c:/maximsdk/tools/gnutools/10.3/bin/../lib/gcc/arm-none-eabi/10.3.1/../../../../arm-none-eabi/lib/thumb/v7e-m+fp/softfp\libc.a(lib_a-strlen.o)
                0x10008ac0                strlen
 *fill*         0x10008b9c        0x4 
 .text._svfprintf_r
                0x10008ba0     0x1ac8 c:/maximsdk/tools/gnutools/10.3/bin/../lib/gcc/arm-none-eabi/10.3.1/../../../../arm-none-eabi/lib/thumb/v7e-m+fp/softfp\libc.a(lib_a-svfprintf.o)
                0x10008ba0                _svfprintf_r
 .text._vfprintf_r
                0x1000a668     0x1b8c c:/maximsdk/tools/gnutools/10.3/bin/../lib/gcc/arm-none-eabi/10.3.1/../../../../arm-none-eabi/lib/thumb/v7e-m+fp/softfp\libc.a(lib_a-vfprintf.o)
                0x1000a668                _vfprintf_r
 .text.__sbprintf
                0x1000c1f4       0x80 c:/maximsdk/tools/gnutools/10.3/bin/../lib/gcc/arm-none-eabi/10.3.1/../../../../arm-none-eabi/lib/thumb/v7e-m+fp/softfp\libc.a(lib_a-vfprintf.o)
 .text.__swsetup_r
                0x1000c274       0xd4 c:/maximsdk/tools/gnutools/10.3/bin/../lib/gcc/arm-none-eabi/10.3.1/../../../../arm-none-eabi/lib/thumb/v7e-m+fp/softfp\libc.a(lib_a-wsetup.o)
                0x1000c274                __swsetup_r
 .text.startup.register_fini
                0x1000c348       0x14 c:/maximsdk/tools/gnutools/10.3/bin/../lib/gcc/arm-none-eabi/10.3.1/../../../../arm-none-eabi/lib/thumb/v7e-m+fp/softfp\libc.a(lib_a-__call_atexit.o)
 .text.atexit   0x1000c35c        0xc c:/maximsdk/tools/gnutools/10.3/bin/../lib/gcc/arm-none-eabi/10.3.1/../../../../arm-none-eabi/lib/thumb/v7e-m+fp/softfp\libc.a(lib_a-atexit.o)
                0x1000c35c                atexit
 .text.quorem   0x1000c368      0x128 c:/maximsdk/tools/gnutools/10.3/bin/../lib/gcc/arm-none-eabi/10.3.1/../../../../arm-none-eabi/lib/thumb/v7e-m+fp/softfp\libc.a(lib_a-dtoa.o)
 .text._dtoa_r  0x1000c490      0xf34 c:/maximsdk/tools/gnutools/10.3/bin/../lib/gcc/arm-none-eabi/10.3.1/../../../../arm-none-eabi/lib/thumb/v7e-m+fp/softfp\libc.a(lib_a-dtoa.o)
                0x1000c490                _dtoa_r
 .text.__sflush_r
                0x1000d3c4      0x130 c:/maximsdk/tools/gnutools/10.3/bin/../lib/gcc/arm-none-eabi/10.3.1/../../../../arm-none-eabi/lib/thumb/v7e-m+fp/softfp\libc.a(lib_a-fflush.o)
                0x1000d3c4                __sflush_r
 .text._fflush_r
                0x1000d4f4       0x5c c:/maximsdk/tools/gnutools/10.3/bin/../lib/gcc/arm-none-eabi/10.3.1/../../../../arm-none-eabi/lib/thumb/v7e-m+fp/softfp\libc.a(lib_a-fflush.o)
                0x1000d4f4                _fflush_r
 .text._cleanup_r
                0x1000d550        0xc c:/maximsdk/tools/gnutools/10.3/bin/../lib/gcc/arm-none-eabi/10.3.1/../../../../arm-none-eabi/lib/thumb/v7e-m+fp/softfp\libc.a(lib_a-findfp.o)
                0x1000d550                _cleanup_r
 .text.__sinit  0x1000d55c      0x10c c:/maximsdk/tools/gnutools/10.3/bin/../lib/gcc/arm-none-eabi/10.3.1/../../../../arm-none-eabi/lib/thumb/v7e-m+fp/softfp\libc.a(lib_a-findfp.o)
                0x1000d55c                __sinit
 .text.__sfp_lock_acquire
                0x1000d668        0xc c:/maximsdk/tools/gnutools/10.3/bin/../lib/gcc/arm-none-eabi/10.3.1/../../../../arm-none-eabi/lib/thumb/v7e-m+fp/softfp\libc.a(lib_a-findfp.o)
                0x1000d668                __sfp_lock_acquire
 .text.__sfp_lock_release
                0x1000d674        0xc c:/maximsdk/tools/gnutools/10.3/bin/../lib/gcc/arm-none-eabi/10.3.1/../../../../arm-none-eabi/lib/thumb/v7e-m+fp/softfp\libc.a(lib_a-findfp.o)
                0x1000d674                __sfp_lock_release
 .text.__libc_fini_array
                0x1000d680       0x2c c:/maximsdk/tools/gnutools/10.3/bin/../lib/gcc/arm-none-eabi/10.3.1/../../../../arm-none-eabi/lib/thumb/v7e-m+fp/softfp\libc.a(lib_a-fini.o)
                0x1000d680                __libc_fini_array
 .text._malloc_trim_r
                0x1000d6ac       0xa0 c:/maximsdk/tools/gnutools/10.3/bin/../lib/gcc/arm-none-eabi/10.3.1/../../../../arm-none-eabi/lib/thumb/v7e-m+fp/softfp\libc.a(lib_a-freer.o)
                0x1000d6ac                _malloc_trim_r
 .text._free_r  0x1000d74c      0x20c c:/maximsdk/tools/gnutools/10.3/bin/../lib/gcc/arm-none-eabi/10.3.1/../../../../arm-none-eabi/lib/thumb/v7e-m+fp/softfp\libc.a(lib_a-freer.o)
                0x1000d74c                _free_r
 .text.__sfvwrite_r
                0x1000d958      0x2f0 c:/maximsdk/tools/gnutools/10.3/bin/../lib/gcc/arm-none-eabi/10.3.1/../../../../arm-none-eabi/lib/thumb/v7e-m+fp/softfp\libc.a(lib_a-fvwrite.o)
                0x1000d958                __sfvwrite_r
 .text._fwalk_reent
                0x1000dc48       0x48 c:/maximsdk/tools/gnutools/10.3/bin/../lib/gcc/arm-none-eabi/10.3.1/../../../../arm-none-eabi/lib/thumb/v7e-m+fp/softfp\libc.a(lib_a-fwalk.o)
                0x1000dc48                _fwalk_reent
 .text._localeconv_r
                0x1000dc90        0x8 c:/maximsdk/tools/gnutools/10.3/bin/../lib/gcc/arm-none-eabi/10.3.1/../../../../arm-none-eabi/lib/thumb/v7e-m+fp/softfp\libc.a(lib_a-localeconv.o)
                0x1000dc90                _localeconv_r
 .text.__retarget_lock_init_recursive
                0x1000dc98        0x4 c:/maximsdk/tools/gnutools/10.3/bin/../lib/gcc/arm-none-eabi/10.3.1/../../../../arm-none-eabi/lib/thumb/v7e-m+fp/softfp\libc.a(lib_a-lock.o)
                0x1000dc98                __retarget_lock_init_recursive
 .text.__retarget_lock_close_recursive
                0x1000dc9c        0x4 c:/maximsdk/tools/gnutools/10.3/bin/../lib/gcc/arm-none-eabi/10.3.1/../../../../arm-none-eabi/lib/thumb/v7e-m+fp/softfp\libc.a(lib_a-lock.o)
                0x1000dc9c                __retarget_lock_close_recursive
 .text.__retarget_lock_acquire_recursive
                0x1000dca0        0x4 c:/maximsdk/tools/gnutools/10.3/bin/../lib/gcc/arm-none-eabi/10.3.1/../../../../arm-none-eabi/lib/thumb/v7e-m+fp/softfp\libc.a(lib_a-lock.o)
                0x1000dca0                __retarget_lock_acquire_recursive
 .text.__retarget_lock_release_recursive
                0x1000dca4        0x4 c:/maximsdk/tools/gnutools/10.3/bin/../lib/gcc/arm-none-eabi/10.3.1/../../../../arm-none-eabi/lib/thumb/v7e-m+fp/softfp\libc.a(lib_a-lock.o)
                0x1000dca4                __retarget_lock_release_recursive
 .text.__smakebuf_r
                0x1000dca8       0xe0 c:/maximsdk/tools/gnutools/10.3/bin/../lib/gcc/arm-none-eabi/10.3.1/../../../../arm-none-eabi/lib/thumb/v7e-m+fp/softfp\libc.a(lib_a-makebuf.o)
                0x1000dca8                __smakebuf_r
 *fill*         0x1000dd88        0x8 
 .text          0x1000dd90       0xa0 c:/maximsdk/tools/gnutools/10.3/bin/../lib/gcc/arm-none-eabi/10.3.1/../../../../arm-none-eabi/lib/thumb/v7e-m+fp/softfp\libc.a(lib_a-memchr.o)
                0x1000dd90                memchr
 .text.memmove  0x1000de30       0xf8 c:/maximsdk/tools/gnutools/10.3/bin/../lib/gcc/arm-none-eabi/10.3.1/../../../../arm-none-eabi/lib/thumb/v7e-m+fp/softfp\libc.a(lib_a-memmove.o)
                0x1000de30                memmove
 .text._Balloc  0x1000df28       0x4c c:/maximsdk/tools/gnutools/10.3/bin/../lib/gcc/arm-none-eabi/10.3.1/../../../../arm-none-eabi/lib/thumb/v7e-m+fp/softfp\libc.a(lib_a-mprec.o)
                0x1000df28                _Balloc
 .text._Bfree   0x1000df74       0x14 c:/maximsdk/tools/gnutools/10.3/bin/../lib/gcc/arm-none-eabi/10.3.1/../../../../arm-none-eabi/lib/thumb/v7e-m+fp/softfp\libc.a(lib_a-mprec.o)
                0x1000df74                _Bfree
 .text.__multadd
                0x1000df88       0xa8 c:/maximsdk/tools/gnutools/10.3/bin/../lib/gcc/arm-none-eabi/10.3.1/../../../../arm-none-eabi/lib/thumb/v7e-m+fp/softfp\libc.a(lib_a-mprec.o)
                0x1000df88                __multadd
 .text.__hi0bits
                0x1000e030       0x40 c:/maximsdk/tools/gnutools/10.3/bin/../lib/gcc/arm-none-eabi/10.3.1/../../../../arm-none-eabi/lib/thumb/v7e-m+fp/softfp\libc.a(lib_a-mprec.o)
                0x1000e030                __hi0bits
 .text.__lo0bits
                0x1000e070       0x60 c:/maximsdk/tools/gnutools/10.3/bin/../lib/gcc/arm-none-eabi/10.3.1/../../../../arm-none-eabi/lib/thumb/v7e-m+fp/softfp\libc.a(lib_a-mprec.o)
                0x1000e070                __lo0bits
 .text.__i2b    0x1000e0d0       0x5c c:/maximsdk/tools/gnutools/10.3/bin/../lib/gcc/arm-none-eabi/10.3.1/../../../../arm-none-eabi/lib/thumb/v7e-m+fp/softfp\libc.a(lib_a-mprec.o)
                0x1000e0d0                __i2b
 .text.__multiply
                0x1000e12c      0x15c c:/maximsdk/tools/gnutools/10.3/bin/../lib/gcc/arm-none-eabi/10.3.1/../../../../arm-none-eabi/lib/thumb/v7e-m+fp/softfp\libc.a(lib_a-mprec.o)
                0x1000e12c                __multiply
 .text.__pow5mult
                0x1000e288       0xc0 c:/maximsdk/tools/gnutools/10.3/bin/../lib/gcc/arm-none-eabi/10.3.1/../../../../arm-none-eabi/lib/thumb/v7e-m+fp/softfp\libc.a(lib_a-mprec.o)
                0x1000e288                __pow5mult
 .text.__lshift
                0x1000e348       0xf0 c:/maximsdk/tools/gnutools/10.3/bin/../lib/gcc/arm-none-eabi/10.3.1/../../../../arm-none-eabi/lib/thumb/v7e-m+fp/softfp\libc.a(lib_a-mprec.o)
                0x1000e348                __lshift
 .text.__mcmp   0x1000e438       0x44 c:/maximsdk/tools/gnutools/10.3/bin/../lib/gcc/arm-none-eabi/10.3.1/../../../../arm-none-eabi/lib/thumb/v7e-m+fp/softfp\libc.a(lib_a-mprec.o)
                0x1000e438                __mcmp
 .text.__mdiff  0x1000e47c      0x14c c:/maximsdk/tools/gnutools/10.3/bin/../lib/gcc/arm-none-eabi/10.3.1/../../../../arm-none-eabi/lib/thumb/v7e-m+fp/softfp\libc.a(lib_a-mprec.o)
                0x1000e47c                __mdiff
 .text.__d2b    0x1000e5c8       0xc4 c:/maximsdk/tools/gnutools/10.3/bin/../lib/gcc/arm-none-eabi/10.3.1/../../../../arm-none-eabi/lib/thumb/v7e-m+fp/softfp\libc.a(lib_a-mprec.o)
                0x1000e5c8                __d2b
 .text._realloc_r
                0x1000e68c      0x3d8 c:/maximsdk/tools/gnutools/10.3/bin/../lib/gcc/arm-none-eabi/10.3.1/../../../../arm-none-eabi/lib/thumb/v7e-m+fp/softfp\libc.a(lib_a-reallocr.o)
                0x1000e68c                _realloc_r
 .text.frexp    0x1000ea64       0x70 c:/maximsdk/tools/gnutools/10.3/bin/../lib/gcc/arm-none-eabi/10.3.1/../../../../arm-none-eabi/lib/thumb/v7e-m+fp/softfp\libc.a(lib_a-s_frexp.o)
                0x1000ea64                frexp
 .text.__sread  0x1000ead4       0x24 c:/maximsdk/tools/gnutools/10.3/bin/../lib/gcc/arm-none-eabi/10.3.1/../../../../arm-none-eabi/lib/thumb/v7e-m+fp/softfp\libc.a(lib_a-stdio.o)
                0x1000ead4                __sread
 .text.__swrite
                0x1000eaf8       0x40 c:/maximsdk/tools/gnutools/10.3/bin/../lib/gcc/arm-none-eabi/10.3.1/../../../../arm-none-eabi/lib/thumb/v7e-m+fp/softfp\libc.a(lib_a-stdio.o)
                0x1000eaf8                __swrite
 .text.__sseek  0x1000eb38       0x20 c:/maximsdk/tools/gnutools/10.3/bin/../lib/gcc/arm-none-eabi/10.3.1/../../../../arm-none-eabi/lib/thumb/v7e-m+fp/softfp\libc.a(lib_a-stdio.o)
                0x1000eb38                __sseek
 .text.__sclose
                0x1000eb58        0x8 c:/maximsdk/tools/gnutools/10.3/bin/../lib/gcc/arm-none-eabi/10.3.1/../../../../arm-none-eabi/lib/thumb/v7e-m+fp/softfp\libc.a(lib_a-stdio.o)
                0x1000eb58                __sclose
 .text.strncpy  0x1000eb60       0x64 c:/maximsdk/tools/gnutools/10.3/bin/../lib/gcc/arm-none-eabi/10.3.1/../../../../arm-none-eabi/lib/thumb/v7e-m+fp/softfp\libc.a(lib_a-strncpy.o)
                0x1000eb60                strncpy
 .text.__ssprint_r
                0x1000ebc4       0xf8 c:/maximsdk/tools/gnutools/10.3/bin/../lib/gcc/arm-none-eabi/10.3.1/../../../../arm-none-eabi/lib/thumb/v7e-m+fp/softfp\libc.a(lib_a-svfiprintf.o)
                0x1000ebc4                __ssprint_r
 .text.__sprint_r.part.0
                0x1000ecbc       0x78 c:/maximsdk/tools/gnutools/10.3/bin/../lib/gcc/arm-none-eabi/10.3.1/../../../../arm-none-eabi/lib/thumb/v7e-m+fp/softfp\libc.a(lib_a-vfiprintf.o)
 .text.__sprint_r
                0x1000ed34       0x18 c:/maximsdk/tools/gnutools/10.3/bin/../lib/gcc/arm-none-eabi/10.3.1/../../../../arm-none-eabi/lib/thumb/v7e-m+fp/softfp\libc.a(lib_a-vfiprintf.o)
                0x1000ed34                __sprint_r
 .text._vfiprintf_r
                0x1000ed4c      0xdfc c:/maximsdk/tools/gnutools/10.3/bin/../lib/gcc/arm-none-eabi/10.3.1/../../../../arm-none-eabi/lib/thumb/v7e-m+fp/softfp\libc.a(lib_a-vfiprintf.o)
                0x1000ed4c                _vfiprintf_r
 .text.__sbprintf
                0x1000fb48       0x80 c:/maximsdk/tools/gnutools/10.3/bin/../lib/gcc/arm-none-eabi/10.3.1/../../../../arm-none-eabi/lib/thumb/v7e-m+fp/softfp\libc.a(lib_a-vfiprintf.o)
 .text._write_r
                0x1000fbc8       0x2c c:/maximsdk/tools/gnutools/10.3/bin/../lib/gcc/arm-none-eabi/10.3.1/../../../../arm-none-eabi/lib/thumb/v7e-m+fp/softfp\libc.a(lib_a-writer.o)
                0x1000fbc8                _write_r
 .text.__register_exitproc
                0x1000fbf4       0x8c c:/maximsdk/tools/gnutools/10.3/bin/../lib/gcc/arm-none-eabi/10.3.1/../../../../arm-none-eabi/lib/thumb/v7e-m+fp/softfp\libc.a(lib_a-__atexit.o)
                0x1000fbf4                __register_exitproc
 .text.__assert_func
                0x1000fc80       0x40 c:/maximsdk/tools/gnutools/10.3/bin/../lib/gcc/arm-none-eabi/10.3.1/../../../../arm-none-eabi/lib/thumb/v7e-m+fp/softfp\libc.a(lib_a-assert.o)
                0x1000fc80                __assert_func
 .text._calloc_r
                0x1000fcc0       0x78 c:/maximsdk/tools/gnutools/10.3/bin/../lib/gcc/arm-none-eabi/10.3.1/../../../../arm-none-eabi/lib/thumb/v7e-m+fp/softfp\libc.a(lib_a-callocr.o)
                0x1000fcc0                _calloc_r
 .text._close_r
                0x1000fd38       0x24 c:/maximsdk/tools/gnutools/10.3/bin/../lib/gcc/arm-none-eabi/10.3.1/../../../../arm-none-eabi/lib/thumb/v7e-m+fp/softfp\libc.a(lib_a-closer.o)
                0x1000fd38                _close_r
 .text._fclose_r
                0x1000fd5c       0xcc c:/maximsdk/tools/gnutools/10.3/bin/../lib/gcc/arm-none-eabi/10.3.1/../../../../arm-none-eabi/lib/thumb/v7e-m+fp/softfp\libc.a(lib_a-fclose.o)
                0x1000fd5c                _fclose_r
 .text.fiprintf
                0x1000fe28       0x28 c:/maximsdk/tools/gnutools/10.3/bin/../lib/gcc/arm-none-eabi/10.3.1/../../../../arm-none-eabi/lib/thumb/v7e-m+fp/softfp\libc.a(lib_a-fiprintf.o)
                0x1000fe28                fiprintf
 .text.__fputwc
                0x1000fe50       0xa8 c:/maximsdk/tools/gnutools/10.3/bin/../lib/gcc/arm-none-eabi/10.3.1/../../../../arm-none-eabi/lib/thumb/v7e-m+fp/softfp\libc.a(lib_a-fputwc.o)
                0x1000fe50                __fputwc
 .text._fputwc_r
                0x1000fef8       0x68 c:/maximsdk/tools/gnutools/10.3/bin/../lib/gcc/arm-none-eabi/10.3.1/../../../../arm-none-eabi/lib/thumb/v7e-m+fp/softfp\libc.a(lib_a-fputwc.o)
                0x1000fef8                _fputwc_r
 .text._fstat_r
                0x1000ff60       0x2c c:/maximsdk/tools/gnutools/10.3/bin/../lib/gcc/arm-none-eabi/10.3.1/../../../../arm-none-eabi/lib/thumb/v7e-m+fp/softfp\libc.a(lib_a-fstatr.o)
                0x1000ff60                _fstat_r
 .text._isatty_r
                0x1000ff8c       0x24 c:/maximsdk/tools/gnutools/10.3/bin/../lib/gcc/arm-none-eabi/10.3.1/../../../../arm-none-eabi/lib/thumb/v7e-m+fp/softfp\libc.a(lib_a-isattyr.o)
                0x1000ff8c                _isatty_r
 .text.__locale_mb_cur_max
                0x1000ffb0        0xc c:/maximsdk/tools/gnutools/10.3/bin/../lib/gcc/arm-none-eabi/10.3.1/../../../../arm-none-eabi/lib/thumb/v7e-m+fp/softfp\libc.a(lib_a-locale.o)
                0x1000ffb0                __locale_mb_cur_max
 .text._lseek_r
                0x1000ffbc       0x2c c:/maximsdk/tools/gnutools/10.3/bin/../lib/gcc/arm-none-eabi/10.3.1/../../../../arm-none-eabi/lib/thumb/v7e-m+fp/softfp\libc.a(lib_a-lseekr.o)
                0x1000ffbc                _lseek_r
 .text.__ascii_mbtowc
                0x1000ffe8       0x2c c:/maximsdk/tools/gnutools/10.3/bin/../lib/gcc/arm-none-eabi/10.3.1/../../../../arm-none-eabi/lib/thumb/v7e-m+fp/softfp\libc.a(lib_a-mbtowc_r.o)
                0x1000ffe8                __ascii_mbtowc
 .text._read_r  0x10010014       0x2c c:/maximsdk/tools/gnutools/10.3/bin/../lib/gcc/arm-none-eabi/10.3.1/../../../../arm-none-eabi/lib/thumb/v7e-m+fp/softfp\libc.a(lib_a-readr.o)
                0x10010014                _read_r
 .text.__swbuf_r
                0x10010040       0xb0 c:/maximsdk/tools/gnutools/10.3/bin/../lib/gcc/arm-none-eabi/10.3.1/../../../../arm-none-eabi/lib/thumb/v7e-m+fp/softfp\libc.a(lib_a-wbuf.o)
                0x10010040                __swbuf_r
 .text._wcrtomb_r
                0x100100f0       0x3c c:/maximsdk/tools/gnutools/10.3/bin/../lib/gcc/arm-none-eabi/10.3.1/../../../../arm-none-eabi/lib/thumb/v7e-m+fp/softfp\libc.a(lib_a-wcrtomb.o)
                0x100100f0                _wcrtomb_r
 .text.__ascii_wctomb
                0x1001012c       0x1c c:/maximsdk/tools/gnutools/10.3/bin/../lib/gcc/arm-none-eabi/10.3.1/../../../../arm-none-eabi/lib/thumb/v7e-m+fp/softfp\libc.a(lib_a-wctomb_r.o)
                0x1001012c                __ascii_wctomb
 .text.abort    0x10010148       0x10 c:/maximsdk/tools/gnutools/10.3/bin/../lib/gcc/arm-none-eabi/10.3.1/../../../../arm-none-eabi/lib/thumb/v7e-m+fp/softfp\libc.a(lib_a-abort.o)
                0x10010148                abort
 .text.raise    0x10010158       0x5c c:/maximsdk/tools/gnutools/10.3/bin/../lib/gcc/arm-none-eabi/10.3.1/../../../../arm-none-eabi/lib/thumb/v7e-m+fp/softfp\libc.a(lib_a-signal.o)
                0x10010158                raise
 .text._kill_r  0x100101b4       0x2c c:/maximsdk/tools/gnutools/10.3/bin/../lib/gcc/arm-none-eabi/10.3.1/../../../../arm-none-eabi/lib/thumb/v7e-m+fp/softfp\libc.a(lib_a-signalr.o)
                0x100101b4                _kill_r
 .text._getpid_r
                0x100101e0        0x4 c:/maximsdk/tools/gnutools/10.3/bin/../lib/gcc/arm-none-eabi/10.3.1/../../../../arm-none-eabi/lib/thumb/v7e-m+fp/softfp\libc.a(lib_a-signalr.o)
                0x100101e0                _getpid_r
 *fill*         0x100101e4        0x4 
 .text.exp      0x100101e8       0x74 c:/maximsdk/tools/gnutools/10.3/bin/../lib/gcc/arm-none-eabi/10.3.1/../../../../arm-none-eabi/lib/thumb/v7e-m+fp/softfp\libm.a(lib_a-w_exp.o)
                0x100101e8                exp
 .text.sqrt     0x1001025c       0x50 c:/maximsdk/tools/gnutools/10.3/bin/../lib/gcc/arm-none-eabi/10.3.1/../../../../arm-none-eabi/lib/thumb/v7e-m+fp/softfp\libm.a(lib_a-w_sqrt.o)
                0x1001025c                sqrt
 *fill*         0x100102ac        0x4 
 .text.__ieee754_exp
                0x100102b0      0x3a4 c:/maximsdk/tools/gnutools/10.3/bin/../lib/gcc/arm-none-eabi/10.3.1/../../../../arm-none-eabi/lib/thumb/v7e-m+fp/softfp\libm.a(lib_a-e_exp.o)
                0x100102b0                __ieee754_exp
 .text.__ieee754_sqrt
                0x10010654      0x16c c:/maximsdk/tools/gnutools/10.3/bin/../lib/gcc/arm-none-eabi/10.3.1/../../../../arm-none-eabi/lib/thumb/v7e-m+fp/softfp\libm.a(lib_a-e_sqrt.o)
                0x10010654                __ieee754_sqrt
 .text.with_errno
                0x100107c0       0x18 c:/maximsdk/tools/gnutools/10.3/bin/../lib/gcc/arm-none-eabi/10.3.1/../../../../arm-none-eabi/lib/thumb/v7e-m+fp/softfp\libm.a(lib_a-math_err.o)
 .text.xflow    0x100107d8       0x2c c:/maximsdk/tools/gnutools/10.3/bin/../lib/gcc/arm-none-eabi/10.3.1/../../../../arm-none-eabi/lib/thumb/v7e-m+fp/softfp\libm.a(lib_a-math_err.o)
 .text.__math_uflow
                0x10010804        0xc c:/maximsdk/tools/gnutools/10.3/bin/../lib/gcc/arm-none-eabi/10.3.1/../../../../arm-none-eabi/lib/thumb/v7e-m+fp/softfp\libm.a(lib_a-math_err.o)
                0x10010804                __math_uflow
 .text.__math_oflow
                0x10010810        0xc c:/maximsdk/tools/gnutools/10.3/bin/../lib/gcc/arm-none-eabi/10.3.1/../../../../arm-none-eabi/lib/thumb/v7e-m+fp/softfp\libm.a(lib_a-math_err.o)
                0x10010810                __math_oflow
 .text.finite   0x1001081c        0xc c:/maximsdk/tools/gnutools/10.3/bin/../lib/gcc/arm-none-eabi/10.3.1/../../../../arm-none-eabi/lib/thumb/v7e-m+fp/softfp\libm.a(lib_a-s_finite.o)
                0x1001081c                finite
 .text._getpid  0x10010828       0x10 c:/maximsdk/tools/gnutools/10.3/bin/../lib/gcc/arm-none-eabi/10.3.1/../../../../arm-none-eabi/lib/thumb/v7e-m+fp/softfp\libnosys.a(getpid.o)
                0x10010828                _getpid
 .text._kill    0x10010838       0x10 c:/maximsdk/tools/gnutools/10.3/bin/../lib/gcc/arm-none-eabi/10.3.1/../../../../arm-none-eabi/lib/thumb/v7e-m+fp/softfp\libnosys.a(kill.o)
                0x10010838                _kill
 .text._exit    0x10010848        0x4 c:/maximsdk/tools/gnutools/10.3/bin/../lib/gcc/arm-none-eabi/10.3.1/../../../../arm-none-eabi/lib/thumb/v7e-m+fp/softfp\libnosys.a(_exit.o)
                0x10010848                _exit
 .text          0x1001084c      0x378 c:/maximsdk/tools/gnutools/10.3/bin/../lib/gcc/arm-none-eabi/10.3.1/thumb/v7e-m+fp/softfp\libgcc.a(_arm_addsubdf3.o)
                0x1001084c                __aeabi_drsub
                0x10010854                __aeabi_dsub
                0x10010854                __subdf3
                0x10010858                __aeabi_dadd
                0x10010858                __adddf3
                0x10010ad0                __floatunsidf
                0x10010ad0                __aeabi_ui2d
                0x10010af0                __floatsidf
                0x10010af0                __aeabi_i2d
                0x10010b14                __aeabi_f2d
                0x10010b14                __extendsfdf2
                0x10010b58                __floatundidf
                0x10010b58                __aeabi_ul2d
                0x10010b68                __floatdidf
                0x10010b68                __aeabi_l2d
 .text          0x10010bc4      0x424 c:/maximsdk/tools/gnutools/10.3/bin/../lib/gcc/arm-none-eabi/10.3.1/thumb/v7e-m+fp/softfp\libgcc.a(_arm_muldivdf3.o)
                0x10010bc4                __aeabi_dmul
                0x10010bc4                __muldf3
                0x10010e18                __divdf3
                0x10010e18                __aeabi_ddiv
 .text          0x10010fe8      0x110 c:/maximsdk/tools/gnutools/10.3/bin/../lib/gcc/arm-none-eabi/10.3.1/thumb/v7e-m+fp/softfp\libgcc.a(_arm_cmpdf2.o)
                0x10010fe8                __gtdf2
                0x10010fe8                __gedf2
                0x10010ff0                __ltdf2
                0x10010ff0                __ledf2
                0x10010ff8                __nedf2
                0x10010ff8                __eqdf2
                0x10010ff8                __cmpdf2
                0x10011074                __aeabi_cdrcmple
                0x10011084                __aeabi_cdcmpeq
                0x10011084                __aeabi_cdcmple
                0x10011094                __aeabi_dcmpeq
                0x100110a8                __aeabi_dcmplt
                0x100110bc                __aeabi_dcmple
                0x100110d0                __aeabi_dcmpge
                0x100110e4                __aeabi_dcmpgt
 .text          0x100110f8       0x2c c:/maximsdk/tools/gnutools/10.3/bin/../lib/gcc/arm-none-eabi/10.3.1/thumb/v7e-m+fp/softfp\libgcc.a(_arm_unorddf2.o)
                0x100110f8                __unorddf2
                0x100110f8                __aeabi_dcmpun
 .text          0x10011124       0x50 c:/maximsdk/tools/gnutools/10.3/bin/../lib/gcc/arm-none-eabi/10.3.1/thumb/v7e-m+fp/softfp\libgcc.a(_arm_fixdfsi.o)
                0x10011124                __aeabi_d2iz
                0x10011124                __fixdfsi
 .text          0x10011174       0x40 c:/maximsdk/tools/gnutools/10.3/bin/../lib/gcc/arm-none-eabi/10.3.1/thumb/v7e-m+fp/softfp\libgcc.a(_arm_fixunsdfsi.o)
                0x10011174                __aeabi_d2uiz
                0x10011174                __fixunsdfsi
 .text          0x100111b4       0xa0 c:/maximsdk/tools/gnutools/10.3/bin/../lib/gcc/arm-none-eabi/10.3.1/thumb/v7e-m+fp/softfp\libgcc.a(_arm_truncdfsf2.o)
                0x100111b4                __truncdfsf2
                0x100111b4                __aeabi_d2f
 .text          0x10011254       0x30 c:/maximsdk/tools/gnutools/10.3/bin/../lib/gcc/arm-none-eabi/10.3.1/thumb/v7e-m+fp/softfp\libgcc.a(_aeabi_uldivmod.o)
                0x10011254                __aeabi_uldivmod
 .text          0x10011284      0x2d0 c:/maximsdk/tools/gnutools/10.3/bin/../lib/gcc/arm-none-eabi/10.3.1/thumb/v7e-m+fp/softfp\libgcc.a(_udivmoddi4.o)
                0x10011284                __udivmoddi4
 .text          0x10011554        0x4 c:/maximsdk/tools/gnutools/10.3/bin/../lib/gcc/arm-none-eabi/10.3.1/thumb/v7e-m+fp/softfp\libgcc.a(_dvmd_tls.o)
                0x10011554                __aeabi_idiv0
                0x10011554                __aeabi_ldiv0
 *(.rodata*)
 .rodata.bias_0
                0x10011558       0xd0 C:/AI_Model/finger_11classRV5.2/build/cnn.o
 .rodata.bias_1
                0x10011628       0xd0 C:/AI_Model/finger_11classRV5.2/build/cnn.o
 .rodata.bias_2
                0x100116f8       0xd0 C:/AI_Model/finger_11classRV5.2/build/cnn.o
 .rodata.bias_3
                0x100117c8       0xd0 C:/AI_Model/finger_11classRV5.2/build/cnn.o
 .rodata.kernels
                0x10011898    0x53264 C:/AI_Model/finger_11classRV5.2/build/cnn.o
 .rodata.main.str1.4
                0x10064afc       0x5a C:/AI_Model/finger_11classRV5.2/build/main.o
 *fill*         0x10064b56        0x2 
 .rodata.localize_objects.str1.4
                0x10064b58       0x7a C:/AI_Model/finger_11classRV5.2/build/post_process.o
                                 0x82 (size before relaxing)
 *fill*         0x10064bd2        0x2 
 .rodata        0x10064bd4        0x8 C:/AI_Model/finger_11classRV5.2/build/post_process.o
 .rodata.ars    0x10064bdc       0x10 C:/AI_Model/finger_11classRV5.2/build/post_process.o
                0x10064bdc                ars
 .rodata.dims   0x10064bec       0x10 C:/AI_Model/finger_11classRV5.2/build/post_process.o
                0x10064bec                dims
 .rodata.scales
                0x10064bfc       0x10 C:/AI_Model/finger_11classRV5.2/build/post_process.o
                0x10064bfc                scales
 .rodata.str1.4
                0x10064c0c       0x33 C:/AI_Model/finger_11classRV5.2/build/tft_utils.o
                                 0x3d (size before relaxing)
 *fill*         0x10064c3f        0x1 
 .rodata        0x10064c40       0x20 C:/AI_Model/finger_11classRV5.2/build/tft_utils.o
 .rodata.uart_init.str1.4
                0x10064c60       0x4e C:/AI_Model/finger_11classRV5.2/build/uart_IR.o
 *fill*         0x10064cae        0x2 
 .rodata.uart_send_str.str1.4
                0x10064cb0       0x22 C:/AI_Model/finger_11classRV5.2/build/uart_IR.o
 *fill*         0x10064cd2        0x2 
 .rodata.uart_send_msg.str1.4
                0x10064cd4        0x4 C:/AI_Model/finger_11classRV5.2/build/uart_IR.o
 .rodata.mxc_assert.str1.4
                0x10064cd8       0x19 C:/AI_Model/finger_11classRV5.2/build/board.o
 *fill*         0x10064cf1        0x3 
 .rodata.Board_Init.str1.4
                0x10064cf4       0x45 C:/AI_Model/finger_11classRV5.2/build/board.o
 *fill*         0x10064d39        0x3 
 .rodata        0x10064d3c       0x54 C:/AI_Model/finger_11classRV5.2/build/board.o
 .rodata.led_pin
                0x10064d90       0x18 C:/AI_Model/finger_11classRV5.2/build/board.o
                0x10064d90                led_pin
 .rodata.num_leds
                0x10064da8        0x4 C:/AI_Model/finger_11classRV5.2/build/board.o
                0x10064da8                num_leds
 .rodata.num_pbs
                0x10064dac        0x4 C:/AI_Model/finger_11classRV5.2/build/board.o
                0x10064dac                num_pbs
 .rodata.pb_pin
                0x10064db0       0x18 C:/AI_Model/finger_11classRV5.2/build/board.o
                0x10064db0                pb_pin
 .rodata.LED_On.str1.4
                0x10064dc8       0x5f C:/AI_Model/finger_11classRV5.2/build/led.o
 *fill*         0x10064e27        0x1 
 .rodata.camera_setup.str1.4
                0x10064e28       0x1b C:/AI_Model/finger_11classRV5.2/build/camera.o
 *fill*         0x10064e43        0x1 
 .rodata.dump_registers.str1.4
                0x10064e44       0x12 C:/AI_Model/finger_11classRV5.2/build/ov7692.o
 *fill*         0x10064e56        0x2 
 .rodata.default_regs
                0x10064e58       0x5e C:/AI_Model/finger_11classRV5.2/build/ov7692.o
 *fill*         0x10064eb6        0x2 
 .rodata.gpio_cfg_scl
                0x10064eb8        0xc C:/AI_Model/finger_11classRV5.2/build/sccb.o
 .rodata.gpio_cfg_sda
                0x10064ec4        0xc C:/AI_Model/finger_11classRV5.2/build/sccb.o
 .rodata.gpio_cfg_pcif_P0_BITS_0_7
                0x10064ed0        0xc C:/MaximSDK/Libraries/PeriphDrivers/bin/MAX78000/softfp/libPeriphDriver_softfp.a(pins_ai85.o)
                0x10064ed0                gpio_cfg_pcif_P0_BITS_0_7
 .rodata.gpio_cfg_pcif_P0_BITS_8_9
                0x10064edc        0xc C:/MaximSDK/Libraries/PeriphDrivers/bin/MAX78000/softfp/libPeriphDriver_softfp.a(pins_ai85.o)
                0x10064edc                gpio_cfg_pcif_P0_BITS_8_9
 .rodata.gpio_cfg_pcif_P1_BITS_10_11
                0x10064ee8        0xc C:/MaximSDK/Libraries/PeriphDrivers/bin/MAX78000/softfp/libPeriphDriver_softfp.a(pins_ai85.o)
                0x10064ee8                gpio_cfg_pcif_P1_BITS_10_11
 .rodata.gpio_cfg_pcif_hsync
                0x10064ef4        0xc C:/MaximSDK/Libraries/PeriphDrivers/bin/MAX78000/softfp/libPeriphDriver_softfp.a(pins_ai85.o)
                0x10064ef4                gpio_cfg_pcif_hsync
 .rodata.gpio_cfg_pcif_vsync
                0x10064f00        0xc C:/MaximSDK/Libraries/PeriphDrivers/bin/MAX78000/softfp/libPeriphDriver_softfp.a(pins_ai85.o)
                0x10064f00                gpio_cfg_pcif_vsync
 .rodata.gpio_cfg_pcif_xclk
                0x10064f0c        0xc C:/MaximSDK/Libraries/PeriphDrivers/bin/MAX78000/softfp/libPeriphDriver_softfp.a(pins_ai85.o)
                0x10064f0c                gpio_cfg_pcif_xclk
 .rodata.gpio_cfg_pt0
                0x10064f18        0xc C:/MaximSDK/Libraries/PeriphDrivers/bin/MAX78000/softfp/libPeriphDriver_softfp.a(pins_ai85.o)
                0x10064f18                gpio_cfg_pt0
 .rodata.gpio_cfg_pt1
                0x10064f24        0xc C:/MaximSDK/Libraries/PeriphDrivers/bin/MAX78000/softfp/libPeriphDriver_softfp.a(pins_ai85.o)
                0x10064f24                gpio_cfg_pt1
 .rodata.gpio_cfg_pt2
                0x10064f30        0xc C:/MaximSDK/Libraries/PeriphDrivers/bin/MAX78000/softfp/libPeriphDriver_softfp.a(pins_ai85.o)
                0x10064f30                gpio_cfg_pt2
 .rodata.gpio_cfg_pt3
                0x10064f3c        0xc C:/MaximSDK/Libraries/PeriphDrivers/bin/MAX78000/softfp/libPeriphDriver_softfp.a(pins_ai85.o)
                0x10064f3c                gpio_cfg_pt3
 .rodata.gpio_cfg_tmr0
                0x10064f48        0xc C:/MaximSDK/Libraries/PeriphDrivers/bin/MAX78000/softfp/libPeriphDriver_softfp.a(pins_ai85.o)
                0x10064f48                gpio_cfg_tmr0
 .rodata.gpio_cfg_tmr0b
                0x10064f54        0xc C:/MaximSDK/Libraries/PeriphDrivers/bin/MAX78000/softfp/libPeriphDriver_softfp.a(pins_ai85.o)
                0x10064f54                gpio_cfg_tmr0b
 .rodata.gpio_cfg_tmr1
                0x10064f60        0xc C:/MaximSDK/Libraries/PeriphDrivers/bin/MAX78000/softfp/libPeriphDriver_softfp.a(pins_ai85.o)
                0x10064f60                gpio_cfg_tmr1
 .rodata.gpio_cfg_tmr1b
                0x10064f6c        0xc C:/MaximSDK/Libraries/PeriphDrivers/bin/MAX78000/softfp/libPeriphDriver_softfp.a(pins_ai85.o)
                0x10064f6c                gpio_cfg_tmr1b
 .rodata.gpio_cfg_tmr2
                0x10064f78        0xc C:/MaximSDK/Libraries/PeriphDrivers/bin/MAX78000/softfp/libPeriphDriver_softfp.a(pins_ai85.o)
                0x10064f78                gpio_cfg_tmr2
 .rodata.gpio_cfg_tmr2b
                0x10064f84        0xc C:/MaximSDK/Libraries/PeriphDrivers/bin/MAX78000/softfp/libPeriphDriver_softfp.a(pins_ai85.o)
                0x10064f84                gpio_cfg_tmr2b
 .rodata.gpio_cfg_tmr3
                0x10064f90        0xc C:/MaximSDK/Libraries/PeriphDrivers/bin/MAX78000/softfp/libPeriphDriver_softfp.a(pins_ai85.o)
                0x10064f90                gpio_cfg_tmr3
 .rodata.gpio_cfg_tmr3b
                0x10064f9c        0xc C:/MaximSDK/Libraries/PeriphDrivers/bin/MAX78000/softfp/libPeriphDriver_softfp.a(pins_ai85.o)
                0x10064f9c                gpio_cfg_tmr3b
 .rodata.gpio_cfg_tmr4
                0x10064fa8        0xc C:/MaximSDK/Libraries/PeriphDrivers/bin/MAX78000/softfp/libPeriphDriver_softfp.a(pins_ai85.o)
                0x10064fa8                gpio_cfg_tmr4
 .rodata.gpio_cfg_tmr5
                0x10064fb4        0xc C:/MaximSDK/Libraries/PeriphDrivers/bin/MAX78000/softfp/libPeriphDriver_softfp.a(pins_ai85.o)
                0x10064fb4                gpio_cfg_tmr5
 .rodata.gpio_cfg_uart0
                0x10064fc0        0xc C:/MaximSDK/Libraries/PeriphDrivers/bin/MAX78000/softfp/libPeriphDriver_softfp.a(pins_ai85.o)
                0x10064fc0                gpio_cfg_uart0
 .rodata.gpio_cfg_uart1
                0x10064fcc        0xc C:/MaximSDK/Libraries/PeriphDrivers/bin/MAX78000/softfp/libPeriphDriver_softfp.a(pins_ai85.o)
                0x10064fcc                gpio_cfg_uart1
 .rodata.gpio_cfg_uart2
                0x10064fd8        0xc C:/MaximSDK/Libraries/PeriphDrivers/bin/MAX78000/softfp/libPeriphDriver_softfp.a(pins_ai85.o)
                0x10064fd8                gpio_cfg_uart2
 .rodata.gpio_cfg_uart3
                0x10064fe4        0xc C:/MaximSDK/Libraries/PeriphDrivers/bin/MAX78000/softfp/libPeriphDriver_softfp.a(pins_ai85.o)
                0x10064fe4                gpio_cfg_uart3
 .rodata.MXC_PT_Init.str1.4
                0x10064ff0       0x55 C:/MaximSDK/Libraries/PeriphDrivers/bin/MAX78000/softfp/libPeriphDriver_softfp.a(pt_me17.o)
 *fill*         0x10065045        0x3 
 .rodata.MXC_PT_RevA_Config.str1.4
                0x10065048       0x51 C:/MaximSDK/Libraries/PeriphDrivers/bin/MAX78000/softfp/libPeriphDriver_softfp.a(pt_reva.o)
 *fill*         0x10065099        0x3 
 .rodata.MXC_SPI_Init.str1.4
                0x1006509c       0x51 C:/MaximSDK/Libraries/PeriphDrivers/bin/MAX78000/softfp/libPeriphDriver_softfp.a(spi_me17.o)
 *fill*         0x100650ed        0x3 
 .rodata.MXC_SPI_RevA_DMACallback.str1.4
                0x100650f0       0x50 C:/MaximSDK/Libraries/PeriphDrivers/bin/MAX78000/softfp/libPeriphDriver_softfp.a(spi_reva.o)
 .rodata.MXC_SPI_RevA_TransSetup.str1.4
                0x10065140       0x22 C:/MaximSDK/Libraries/PeriphDrivers/bin/MAX78000/softfp/libPeriphDriver_softfp.a(spi_reva.o)
                                 0x32 (size before relaxing)
 *fill*         0x10065162        0x2 
 .rodata.MXC_TMR_Init.str1.4